2025-06-15T14:34:20.077647+00:00 DESKTOP-35JMDNB kernel: Linux version 6.6.87.1-microsoft-standard-WSL2 (root@af282157c79e) (gcc (GCC) 11.2.0, GNU ld (GNU Binutils) 2.37) #1 SMP PREEMPT_DYNAMIC Mon Apr 21 17:08:54 UTC 2025
2025-06-15T14:34:20.077655+00:00 DESKTOP-35JMDNB kernel: Command line: initrd=\initrd.img WSL_ROOT_INIT=1 panic=-1 nr_cpus=4 hv_utils.timesync_implicit=1 console=hvc0 debug pty.legacy_count=0 WSL_ENABLE_CRASH_DUMP=1
2025-06-15T14:34:20.077656+00:00 DESKTOP-35JMDNB kernel: KERNEL supported cpus:
2025-06-15T14:34:20.077656+00:00 DESKTOP-35JMDNB kernel:   Intel GenuineIntel
2025-06-15T14:34:20.077657+00:00 DESKTOP-35JMDNB kernel:   AMD AuthenticAMD
2025-06-15T14:34:20.077657+00:00 DESKTOP-35JMDNB kernel: BIOS-provided physical RAM map:
2025-06-15T14:34:20.077658+00:00 DESKTOP-35JMDNB kernel: BIOS-e820: [mem 0x0000000000000000-0x000000000009ffff] usable
2025-06-15T14:34:20.077661+00:00 DESKTOP-35JMDNB kernel: BIOS-e820: [mem 0x00000000000e0000-0x00000000000e0fff] reserved
2025-06-15T14:34:20.077661+00:00 DESKTOP-35JMDNB kernel: BIOS-e820: [mem 0x0000000000100000-0x00000000001fffff] ACPI data
2025-06-15T14:34:20.077662+00:00 DESKTOP-35JMDNB kernel: BIOS-e820: [mem 0x0000000000200000-0x00000000f7dfffff] usable
2025-06-15T14:34:20.077664+00:00 DESKTOP-35JMDNB kernel: NX (Execute Disable) protection: active
2025-06-15T14:34:20.077664+00:00 DESKTOP-35JMDNB kernel: APIC: Static calls initialized
2025-06-15T14:34:20.077665+00:00 DESKTOP-35JMDNB kernel: DMI not present or invalid.
2025-06-15T14:34:20.077665+00:00 DESKTOP-35JMDNB kernel: Hypervisor detected: Microsoft Hyper-V
2025-06-15T14:34:20.077667+00:00 DESKTOP-35JMDNB kernel: Hyper-V: privilege flags low 0xae7f, high 0x3b8030, hints 0x9a4e24, misc 0xe4bed7b6
2025-06-15T14:34:20.077668+00:00 DESKTOP-35JMDNB kernel: Hyper-V: Nested features: 0x3e0101
2025-06-15T14:34:20.077669+00:00 DESKTOP-35JMDNB kernel: Hyper-V: LAPIC Timer Frequency: 0xc3500
2025-06-15T14:34:20.077669+00:00 DESKTOP-35JMDNB kernel: Hyper-V: Using hypercall for remote TLB flush
2025-06-15T14:34:20.077670+00:00 DESKTOP-35JMDNB kernel: clocksource: hyperv_clocksource_tsc_page: mask: 0xffffffffffffffff max_cycles: 0x24e6a1710, max_idle_ns: 440795202120 ns
2025-06-15T14:34:20.077671+00:00 DESKTOP-35JMDNB kernel: clocksource: hyperv_clocksource_msr: mask: 0xffffffffffffffff max_cycles: 0x24e6a1710, max_idle_ns: 440795202120 ns
2025-06-15T14:34:20.077675+00:00 DESKTOP-35JMDNB kernel: tsc: Detected 1190.402 MHz processor
2025-06-15T14:34:20.077676+00:00 DESKTOP-35JMDNB kernel: e820: update [mem 0x00000000-0x00000fff] usable ==> reserved
2025-06-15T14:34:20.077676+00:00 DESKTOP-35JMDNB kernel: e820: remove [mem 0x000a0000-0x000fffff] usable
2025-06-15T14:34:20.077677+00:00 DESKTOP-35JMDNB kernel: last_pfn = 0xf7e00 max_arch_pfn = 0x400000000
2025-06-15T14:34:20.077678+00:00 DESKTOP-35JMDNB kernel: MTRR map: 5 entries (4 fixed + 1 variable; max 20), built from 8 variable MTRRs
2025-06-15T14:34:20.077679+00:00 DESKTOP-35JMDNB kernel: x86/PAT: Configuration [0-7]: WB  WC  UC- UC  WB  WP  UC- WT  
2025-06-15T14:34:20.077681+00:00 DESKTOP-35JMDNB kernel: Using GB pages for direct mapping
2025-06-15T14:34:20.077682+00:00 DESKTOP-35JMDNB kernel: RAMDISK: [mem 0x04be4000-0x04e7dfff]
2025-06-15T14:34:20.077682+00:00 DESKTOP-35JMDNB kernel: ACPI: Early table checksum verification disabled
2025-06-15T14:34:20.077683+00:00 DESKTOP-35JMDNB kernel: ACPI: RSDP 0x00000000000E0000 000024 (v02 VRTUAL)
2025-06-15T14:34:20.077683+00:00 DESKTOP-35JMDNB kernel: ACPI: XSDT 0x0000000000100000 000044 (v01 VRTUAL MICROSFT 00000001 MSFT 00000001)
2025-06-15T14:34:20.077684+00:00 DESKTOP-35JMDNB kernel: ACPI: FACP 0x0000000000101000 000114 (v06 VRTUAL MICROSFT 00000001 MSFT 00000001)
2025-06-15T14:34:20.077687+00:00 DESKTOP-35JMDNB kernel: ACPI: DSDT 0x00000000001011B8 01E191 (v02 MSFTVM DSDT01   00000001 MSFT 05000000)
2025-06-15T14:34:20.077687+00:00 DESKTOP-35JMDNB kernel: ACPI: FACS 0x0000000000101114 000040
2025-06-15T14:34:20.077688+00:00 DESKTOP-35JMDNB kernel: ACPI: OEM0 0x0000000000101154 000064 (v01 VRTUAL MICROSFT 00000001 MSFT 00000001)
2025-06-15T14:34:20.077688+00:00 DESKTOP-35JMDNB kernel: ACPI: SRAT 0x000000000011F349 0002F0 (v02 VRTUAL MICROSFT 00000001 MSFT 00000001)
2025-06-15T14:34:20.077689+00:00 DESKTOP-35JMDNB kernel: ACPI: APIC 0x000000000011F639 000068 (v04 VRTUAL MICROSFT 00000001 MSFT 00000001)
2025-06-15T14:34:20.077689+00:00 DESKTOP-35JMDNB kernel: ACPI: Reserving FACP table memory at [mem 0x101000-0x101113]
2025-06-15T14:34:20.077692+00:00 DESKTOP-35JMDNB kernel: ACPI: Reserving DSDT table memory at [mem 0x1011b8-0x11f348]
2025-06-15T14:34:20.077694+00:00 DESKTOP-35JMDNB kernel: ACPI: Reserving FACS table memory at [mem 0x101114-0x101153]
2025-06-15T14:34:20.077695+00:00 DESKTOP-35JMDNB kernel: ACPI: Reserving OEM0 table memory at [mem 0x101154-0x1011b7]
2025-06-15T14:34:20.077695+00:00 DESKTOP-35JMDNB kernel: ACPI: Reserving SRAT table memory at [mem 0x11f349-0x11f638]
2025-06-15T14:34:20.077696+00:00 DESKTOP-35JMDNB kernel: ACPI: Reserving APIC table memory at [mem 0x11f639-0x11f6a0]
2025-06-15T14:34:20.077696+00:00 DESKTOP-35JMDNB kernel: SRAT: PXM 0 -> APIC 0x00 -> Node 0
2025-06-15T14:34:20.077697+00:00 DESKTOP-35JMDNB kernel: SRAT: PXM 0 -> APIC 0x01 -> Node 0
2025-06-15T14:34:20.077699+00:00 DESKTOP-35JMDNB kernel: SRAT: PXM 0 -> APIC 0x02 -> Node 0
2025-06-15T14:34:20.077700+00:00 DESKTOP-35JMDNB kernel: SRAT: PXM 0 -> APIC 0x03 -> Node 0
2025-06-15T14:34:20.077700+00:00 DESKTOP-35JMDNB kernel: ACPI: SRAT: Node 0 PXM 0 [mem 0x00000000-0xf7dfffff] hotplug
2025-06-15T14:34:20.077701+00:00 DESKTOP-35JMDNB kernel: ACPI: SRAT: Node 0 PXM 0 [mem 0xf7e00000-0xf7ffffff] hotplug
2025-06-15T14:34:20.077701+00:00 DESKTOP-35JMDNB kernel: ACPI: SRAT: Node 0 PXM 0 [mem 0x100000000-0x9ffdfffff] hotplug
2025-06-15T14:34:20.077702+00:00 DESKTOP-35JMDNB kernel: ACPI: SRAT: Node 0 PXM 0 [mem 0x1000000000-0xffffffffff] hotplug
2025-06-15T14:34:20.077702+00:00 DESKTOP-35JMDNB kernel: ACPI: SRAT: Node 0 PXM 0 [mem 0x10000000000-0x1ffffffffff] hotplug
2025-06-15T14:34:20.077705+00:00 DESKTOP-35JMDNB kernel: ACPI: SRAT: Node 0 PXM 0 [mem 0x20000000000-0x3ffffffffff] hotplug
2025-06-15T14:34:20.077705+00:00 DESKTOP-35JMDNB kernel: ACPI: SRAT: Node 0 PXM 0 [mem 0x40000000000-0x7ffffffffff] hotplug
2025-06-15T14:34:20.077706+00:00 DESKTOP-35JMDNB kernel: ACPI: SRAT: Node 0 PXM 0 [mem 0x80000000000-0xfffffffffff] hotplug
2025-06-15T14:34:20.077707+00:00 DESKTOP-35JMDNB kernel: ACPI: SRAT: Node 0 PXM 0 [mem 0x100000000000-0x1fffffffffff] hotplug
2025-06-15T14:34:20.077708+00:00 DESKTOP-35JMDNB kernel: ACPI: SRAT: Node 0 PXM 0 [mem 0x200000000000-0x3fffffffffff] hotplug
2025-06-15T14:34:20.077708+00:00 DESKTOP-35JMDNB kernel: ACPI: SRAT: Node 0 PXM 0 [mem 0x400000000000-0x7fffffffffff] hotplug
2025-06-15T14:34:20.077710+00:00 DESKTOP-35JMDNB kernel: ACPI: SRAT: Node 0 PXM 0 [mem 0x800000000000-0xffffffffffff] hotplug
2025-06-15T14:34:20.077711+00:00 DESKTOP-35JMDNB kernel: ACPI: SRAT: Node 0 PXM 0 [mem 0x1000000000000-0x1ffffffffffff] hotplug
2025-06-15T14:34:20.077712+00:00 DESKTOP-35JMDNB kernel: ACPI: SRAT: Node 0 PXM 0 [mem 0x2000000000000-0x3ffffffffffff] hotplug
2025-06-15T14:34:20.077712+00:00 DESKTOP-35JMDNB kernel: ACPI: SRAT: Node 0 PXM 0 [mem 0x4000000000000-0x7ffffffffffff] hotplug
2025-06-15T14:34:20.077713+00:00 DESKTOP-35JMDNB kernel: ACPI: SRAT: Node 0 PXM 0 [mem 0x8000000000000-0xfffffffffffff] hotplug
2025-06-15T14:34:20.077714+00:00 DESKTOP-35JMDNB kernel: NODE_DATA(0) allocated [mem 0xf7dde000-0xf7dfffff]
2025-06-15T14:34:20.077717+00:00 DESKTOP-35JMDNB kernel: Zone ranges:
2025-06-15T14:34:20.078669+00:00 DESKTOP-35JMDNB kernel:   DMA32    [mem 0x0000000000001000-0x00000000f7dfffff]
2025-06-15T14:34:20.078674+00:00 DESKTOP-35JMDNB kernel:   Normal   empty
2025-06-15T14:34:20.078675+00:00 DESKTOP-35JMDNB kernel:   Device   empty
2025-06-15T14:34:20.078676+00:00 DESKTOP-35JMDNB kernel: Movable zone start for each node
2025-06-15T14:34:20.078676+00:00 DESKTOP-35JMDNB kernel: Early memory node ranges
2025-06-15T14:34:20.078677+00:00 DESKTOP-35JMDNB kernel:   node   0: [mem 0x0000000000001000-0x000000000009ffff]
2025-06-15T14:34:20.078677+00:00 DESKTOP-35JMDNB kernel:   node   0: [mem 0x0000000000200000-0x00000000f7dfffff]
2025-06-15T14:34:20.078678+00:00 DESKTOP-35JMDNB kernel: Initmem setup node 0 [mem 0x0000000000001000-0x00000000f7dfffff]
2025-06-15T14:34:20.078678+00:00 DESKTOP-35JMDNB kernel: On node 0, zone DMA32: 1 pages in unavailable ranges
2025-06-15T14:34:20.078679+00:00 DESKTOP-35JMDNB kernel: On node 0, zone DMA32: 352 pages in unavailable ranges
2025-06-15T14:34:20.078679+00:00 DESKTOP-35JMDNB kernel: On node 0, zone DMA32: 512 pages in unavailable ranges
2025-06-15T14:34:20.078680+00:00 DESKTOP-35JMDNB kernel: ACPI: PM-Timer IO Port: 0x408
2025-06-15T14:34:20.078680+00:00 DESKTOP-35JMDNB kernel: ACPI: LAPIC_NMI (acpi_id[0x01] dfl dfl lint[0x1])
2025-06-15T14:34:20.078681+00:00 DESKTOP-35JMDNB kernel: IOAPIC[0]: apic_id 4, version 17, address 0xfec00000, GSI 0-23
2025-06-15T14:34:20.078681+00:00 DESKTOP-35JMDNB kernel: ACPI: INT_SRC_OVR (bus 0 bus_irq 9 global_irq 9 high level)
2025-06-15T14:34:20.078682+00:00 DESKTOP-35JMDNB kernel: ACPI: Using ACPI (MADT) for SMP configuration information
2025-06-15T14:34:20.078682+00:00 DESKTOP-35JMDNB kernel: TSC deadline timer available
2025-06-15T14:34:20.078683+00:00 DESKTOP-35JMDNB kernel: smpboot: Allowing 4 CPUs, 0 hotplug CPUs
2025-06-15T14:34:20.078684+00:00 DESKTOP-35JMDNB kernel: PM: hibernation: Registered nosave memory: [mem 0x00000000-0x00000fff]
2025-06-15T14:34:20.078684+00:00 DESKTOP-35JMDNB kernel: PM: hibernation: Registered nosave memory: [mem 0x000a0000-0x000dffff]
2025-06-15T14:34:20.078685+00:00 DESKTOP-35JMDNB kernel: PM: hibernation: Registered nosave memory: [mem 0x000e0000-0x000e0fff]
2025-06-15T14:34:20.078685+00:00 DESKTOP-35JMDNB kernel: PM: hibernation: Registered nosave memory: [mem 0x000e1000-0x000fffff]
2025-06-15T14:34:20.078686+00:00 DESKTOP-35JMDNB kernel: PM: hibernation: Registered nosave memory: [mem 0x00100000-0x001fffff]
2025-06-15T14:34:20.078686+00:00 DESKTOP-35JMDNB kernel: [mem 0xf7e00000-0xffffffff] available for PCI devices
2025-06-15T14:34:20.078687+00:00 DESKTOP-35JMDNB kernel: Booting paravirtualized kernel on Hyper-V
2025-06-15T14:34:20.078687+00:00 DESKTOP-35JMDNB kernel: clocksource: refined-jiffies: mask: 0xffffffff max_cycles: 0xffffffff, max_idle_ns: 7645519600211568 ns
2025-06-15T14:34:20.078688+00:00 DESKTOP-35JMDNB kernel: setup_percpu: NR_CPUS:8192 nr_cpumask_bits:4 nr_cpu_ids:4 nr_node_ids:1
2025-06-15T14:34:20.078688+00:00 DESKTOP-35JMDNB kernel: percpu: Embedded 63 pages/cpu s221184 r8192 d28672 u524288
2025-06-15T14:34:20.078689+00:00 DESKTOP-35JMDNB kernel: pcpu-alloc: s221184 r8192 d28672 u524288 alloc=1*2097152
2025-06-15T14:34:20.078689+00:00 DESKTOP-35JMDNB kernel: pcpu-alloc: [0] 0 1 2 3 
2025-06-15T14:34:20.078690+00:00 DESKTOP-35JMDNB kernel: Hyper-V: PV spinlocks enabled
2025-06-15T14:34:20.078690+00:00 DESKTOP-35JMDNB kernel: PV qspinlock hash table entries: 256 (order: 0, 4096 bytes, linear)
2025-06-15T14:34:20.078691+00:00 DESKTOP-35JMDNB kernel: Kernel command line: initrd=\initrd.img WSL_ROOT_INIT=1 panic=-1 nr_cpus=4 hv_utils.timesync_implicit=1 console=hvc0 debug pty.legacy_count=0 WSL_ENABLE_CRASH_DUMP=1
2025-06-15T14:34:20.078692+00:00 DESKTOP-35JMDNB kernel: Unknown kernel command line parameters "WSL_ROOT_INIT=1 WSL_ENABLE_CRASH_DUMP=1", will be passed to user space.
2025-06-15T14:34:20.078692+00:00 DESKTOP-35JMDNB kernel: random: crng init done
2025-06-15T14:34:20.078693+00:00 DESKTOP-35JMDNB kernel: Dentry cache hash table entries: 524288 (order: 10, 4194304 bytes, linear)
2025-06-15T14:34:20.078693+00:00 DESKTOP-35JMDNB kernel: Inode-cache hash table entries: 262144 (order: 9, 2097152 bytes, linear)
2025-06-15T14:34:20.078694+00:00 DESKTOP-35JMDNB kernel: Fallback order for Node 0: 0 
2025-06-15T14:34:20.078694+00:00 DESKTOP-35JMDNB kernel: Built 1 zonelists, mobility grouping on.  Total pages: 998920
2025-06-15T14:34:20.078695+00:00 DESKTOP-35JMDNB kernel: Policy zone: DMA32
2025-06-15T14:34:20.078756+00:00 DESKTOP-35JMDNB kernel: mem auto-init: stack:off, heap alloc:on, heap free:off
2025-06-15T14:34:20.078757+00:00 DESKTOP-35JMDNB kernel: software IO TLB: area num 4.
2025-06-15T14:34:20.078758+00:00 DESKTOP-35JMDNB kernel: Memory: 257172K/4059772K available (20480K kernel code, 3448K rwdata, 13468K rodata, 4484K init, 6224K bss, 189656K reserved, 0K cma-reserved)
2025-06-15T14:34:20.078758+00:00 DESKTOP-35JMDNB kernel: SLUB: HWalign=64, Order=0-3, MinObjects=0, CPUs=4, Nodes=1
2025-06-15T14:34:20.078759+00:00 DESKTOP-35JMDNB kernel: ftrace: allocating 55613 entries in 218 pages
2025-06-15T14:34:20.078759+00:00 DESKTOP-35JMDNB kernel: ftrace: allocated 218 pages with 5 groups
2025-06-15T14:34:20.078760+00:00 DESKTOP-35JMDNB kernel: Dynamic Preempt: none
2025-06-15T14:34:20.078760+00:00 DESKTOP-35JMDNB kernel: rcu: Preemptible hierarchical RCU implementation.
2025-06-15T14:34:20.078761+00:00 DESKTOP-35JMDNB kernel: rcu: 	RCU restricting CPUs from NR_CPUS=8192 to nr_cpu_ids=4.
2025-06-15T14:34:20.078762+00:00 DESKTOP-35JMDNB kernel: 	Trampoline variant of Tasks RCU enabled.
2025-06-15T14:34:20.078762+00:00 DESKTOP-35JMDNB kernel: 	Rude variant of Tasks RCU enabled.
2025-06-15T14:34:20.078763+00:00 DESKTOP-35JMDNB kernel: 	Tracing variant of Tasks RCU enabled.
2025-06-15T14:34:20.078763+00:00 DESKTOP-35JMDNB kernel: rcu: RCU calculated value of scheduler-enlistment delay is 25 jiffies.
2025-06-15T14:34:20.078764+00:00 DESKTOP-35JMDNB kernel: rcu: Adjusting geometry for rcu_fanout_leaf=16, nr_cpu_ids=4
2025-06-15T14:34:20.078764+00:00 DESKTOP-35JMDNB kernel: Using NULL legacy PIC
2025-06-15T14:34:20.078765+00:00 DESKTOP-35JMDNB kernel: NR_IRQS: 524544, nr_irqs: 456, preallocated irqs: 0
2025-06-15T14:34:20.078765+00:00 DESKTOP-35JMDNB kernel: rcu: srcu_init: Setting srcu_struct sizes based on contention.
2025-06-15T14:34:20.078766+00:00 DESKTOP-35JMDNB kernel: Console: colour dummy device 80x25
2025-06-15T14:34:20.078766+00:00 DESKTOP-35JMDNB kernel: ACPI: Core revision 20230628
2025-06-15T14:34:20.078767+00:00 DESKTOP-35JMDNB kernel: Failed to register legacy timer interrupt
2025-06-15T14:34:20.078767+00:00 DESKTOP-35JMDNB kernel: APIC: Switch to symmetric I/O mode setup
2025-06-15T14:34:20.078768+00:00 DESKTOP-35JMDNB kernel: x2apic enabled
2025-06-15T14:34:20.078769+00:00 DESKTOP-35JMDNB kernel: APIC: Switched APIC routing to: physical x2apic
2025-06-15T14:34:20.078769+00:00 DESKTOP-35JMDNB kernel: Hyper-V: Host Build 10.0.26100.3912-3-0
2025-06-15T14:34:20.078770+00:00 DESKTOP-35JMDNB kernel: Hyper-V: enabling crash_kexec_post_notifiers
2025-06-15T14:34:20.078770+00:00 DESKTOP-35JMDNB kernel: Hyper-V: Using IPI hypercalls
2025-06-15T14:34:20.078776+00:00 DESKTOP-35JMDNB kernel: APIC: send_IPI() replaced with hv_send_ipi()
2025-06-15T14:34:20.078778+00:00 DESKTOP-35JMDNB kernel: APIC: send_IPI_mask() replaced with hv_send_ipi_mask()
2025-06-15T14:34:20.078779+00:00 DESKTOP-35JMDNB kernel: APIC: send_IPI_mask_allbutself() replaced with hv_send_ipi_mask_allbutself()
2025-06-15T14:34:20.078780+00:00 DESKTOP-35JMDNB kernel: APIC: send_IPI_allbutself() replaced with hv_send_ipi_allbutself()
2025-06-15T14:34:20.078780+00:00 DESKTOP-35JMDNB kernel: APIC: send_IPI_all() replaced with hv_send_ipi_all()
2025-06-15T14:34:20.078781+00:00 DESKTOP-35JMDNB kernel: APIC: send_IPI_self() replaced with hv_send_ipi_self()
2025-06-15T14:34:20.078783+00:00 DESKTOP-35JMDNB kernel: clocksource: tsc-early: mask: 0xffffffffffffffff max_cycles: 0x1128b0cf317, max_idle_ns: 440795227453 ns
2025-06-15T14:34:20.078784+00:00 DESKTOP-35JMDNB kernel: Calibrating delay loop (skipped), value calculated using timer frequency.. 2380.80 BogoMIPS (lpj=4761608)
2025-06-15T14:34:20.078784+00:00 DESKTOP-35JMDNB kernel: x86/cpu: User Mode Instruction Prevention (UMIP) activated
2025-06-15T14:34:20.078785+00:00 DESKTOP-35JMDNB kernel: Last level iTLB entries: 4KB 0, 2MB 0, 4MB 0
2025-06-15T14:34:20.078785+00:00 DESKTOP-35JMDNB kernel: Last level dTLB entries: 4KB 0, 2MB 0, 4MB 0, 1GB 0
2025-06-15T14:34:20.078787+00:00 DESKTOP-35JMDNB kernel: Spectre V1 : Mitigation: usercopy/swapgs barriers and __user pointer sanitization
2025-06-15T14:34:20.078907+00:00 DESKTOP-35JMDNB kernel: Spectre V2 : Spectre BHI mitigation: SW BHB clearing on vm exit
2025-06-15T14:34:20.078911+00:00 DESKTOP-35JMDNB kernel: Spectre V2 : Spectre BHI mitigation: SW BHB clearing on syscall
2025-06-15T14:34:20.078912+00:00 DESKTOP-35JMDNB kernel: Spectre V2 : Mitigation: Enhanced / Automatic IBRS
2025-06-15T14:34:20.078913+00:00 DESKTOP-35JMDNB kernel: Spectre V2 : Spectre v2 / SpectreRSB mitigation: Filling RSB on context switch
2025-06-15T14:34:20.078915+00:00 DESKTOP-35JMDNB kernel: Spectre V2 : Spectre v2 / PBRSB-eIBRS: Retire a single CALL on VMEXIT
2025-06-15T14:34:20.078915+00:00 DESKTOP-35JMDNB kernel: RETBleed: Mitigation: Enhanced IBRS
2025-06-15T14:34:20.078916+00:00 DESKTOP-35JMDNB kernel: Spectre V2 : mitigation: Enabling conditional Indirect Branch Prediction Barrier
2025-06-15T14:34:20.078919+00:00 DESKTOP-35JMDNB kernel: Speculative Store Bypass: Mitigation: Speculative Store Bypass disabled via prctl
2025-06-15T14:34:20.078919+00:00 DESKTOP-35JMDNB kernel: MMIO Stale Data: Mitigation: Clear CPU buffers
2025-06-15T14:34:20.078920+00:00 DESKTOP-35JMDNB kernel: SRBDS: Unknown: Dependent on hypervisor status
2025-06-15T14:34:20.078921+00:00 DESKTOP-35JMDNB kernel: GDS: Unknown: Dependent on hypervisor status
2025-06-15T14:34:20.078921+00:00 DESKTOP-35JMDNB kernel: x86/fpu: Supporting XSAVE feature 0x001: 'x87 floating point registers'
2025-06-15T14:34:20.078923+00:00 DESKTOP-35JMDNB kernel: x86/fpu: Supporting XSAVE feature 0x002: 'SSE registers'
2025-06-15T14:34:20.078925+00:00 DESKTOP-35JMDNB kernel: x86/fpu: Supporting XSAVE feature 0x004: 'AVX registers'
2025-06-15T14:34:20.078926+00:00 DESKTOP-35JMDNB kernel: x86/fpu: Supporting XSAVE feature 0x020: 'AVX-512 opmask'
2025-06-15T14:34:20.078926+00:00 DESKTOP-35JMDNB kernel: x86/fpu: Supporting XSAVE feature 0x040: 'AVX-512 Hi256'
2025-06-15T14:34:20.078927+00:00 DESKTOP-35JMDNB kernel: x86/fpu: Supporting XSAVE feature 0x080: 'AVX-512 ZMM_Hi256'
2025-06-15T14:34:20.078928+00:00 DESKTOP-35JMDNB kernel: x86/fpu: xstate_offset[2]:  576, xstate_sizes[2]:  256
2025-06-15T14:34:20.078928+00:00 DESKTOP-35JMDNB kernel: x86/fpu: xstate_offset[5]:  832, xstate_sizes[5]:   64
2025-06-15T14:34:20.078930+00:00 DESKTOP-35JMDNB kernel: x86/fpu: xstate_offset[6]:  896, xstate_sizes[6]:  512
2025-06-15T14:34:20.078931+00:00 DESKTOP-35JMDNB kernel: x86/fpu: xstate_offset[7]: 1408, xstate_sizes[7]: 1024
2025-06-15T14:34:20.078932+00:00 DESKTOP-35JMDNB kernel: x86/fpu: Enabled xstate features 0xe7, context size is 2432 bytes, using 'compacted' format.
2025-06-15T14:34:20.078932+00:00 DESKTOP-35JMDNB kernel: Freeing SMP alternatives memory: 44K
2025-06-15T14:34:20.078933+00:00 DESKTOP-35JMDNB kernel: pid_max: default: 32768 minimum: 301
2025-06-15T14:34:20.078933+00:00 DESKTOP-35JMDNB kernel: LSM: initializing lsm=capability,landlock,yama,safesetid,selinux,integrity
2025-06-15T14:34:20.078934+00:00 DESKTOP-35JMDNB kernel: landlock: Up and running.
2025-06-15T14:34:20.078936+00:00 DESKTOP-35JMDNB kernel: Yama: becoming mindful.
2025-06-15T14:34:20.078937+00:00 DESKTOP-35JMDNB kernel: SELinux:  Initializing.
2025-06-15T14:34:20.078937+00:00 DESKTOP-35JMDNB kernel: Mount-cache hash table entries: 8192 (order: 4, 65536 bytes, linear)
2025-06-15T14:34:20.078938+00:00 DESKTOP-35JMDNB kernel: Mountpoint-cache hash table entries: 8192 (order: 4, 65536 bytes, linear)
2025-06-15T14:34:20.078938+00:00 DESKTOP-35JMDNB kernel: smpboot: CPU0: Intel(R) Core(TM) i3-1005G1 CPU @ 1.20GHz (family: 0x6, model: 0x7e, stepping: 0x5)
2025-06-15T14:34:20.078939+00:00 DESKTOP-35JMDNB kernel: RCU Tasks: Setting shift to 2 and lim to 1 rcu_task_cb_adjust=1 rcu_task_cpu_ids=4.
2025-06-15T14:34:20.078943+00:00 DESKTOP-35JMDNB kernel: RCU Tasks Rude: Setting shift to 2 and lim to 1 rcu_task_cb_adjust=1 rcu_task_cpu_ids=4.
2025-06-15T14:34:20.078944+00:00 DESKTOP-35JMDNB kernel: RCU Tasks Trace: Setting shift to 2 and lim to 1 rcu_task_cb_adjust=1 rcu_task_cpu_ids=4.
2025-06-15T14:34:20.078945+00:00 DESKTOP-35JMDNB kernel: Performance Events:  AnyThread deprecated, Icelake events, 32-deep LBR, full-width counters, Intel PMU driver.
2025-06-15T14:34:20.078946+00:00 DESKTOP-35JMDNB kernel: ... version:                5
2025-06-15T14:34:20.078946+00:00 DESKTOP-35JMDNB kernel: ... bit width:              48
2025-06-15T14:34:20.078947+00:00 DESKTOP-35JMDNB kernel: ... generic registers:      8
2025-06-15T14:34:20.078949+00:00 DESKTOP-35JMDNB kernel: ... value mask:             0000ffffffffffff
2025-06-15T14:34:20.078949+00:00 DESKTOP-35JMDNB kernel: ... max period:             00007fffffffffff
2025-06-15T14:34:20.078950+00:00 DESKTOP-35JMDNB kernel: ... fixed-purpose events:   4
2025-06-15T14:34:20.078951+00:00 DESKTOP-35JMDNB kernel: ... event mask:             0001000f000000ff
2025-06-15T14:34:20.078951+00:00 DESKTOP-35JMDNB kernel: signal: max sigframe size: 3632
2025-06-15T14:34:20.078952+00:00 DESKTOP-35JMDNB kernel: rcu: Hierarchical SRCU implementation.
2025-06-15T14:34:20.078952+00:00 DESKTOP-35JMDNB kernel: rcu: 	Max phase no-delay instances is 1000.
2025-06-15T14:34:20.078954+00:00 DESKTOP-35JMDNB kernel: smp: Bringing up secondary CPUs ...
2025-06-15T14:34:20.078955+00:00 DESKTOP-35JMDNB kernel: smpboot: x86: Booting SMP configuration:
2025-06-15T14:34:20.078956+00:00 DESKTOP-35JMDNB kernel: .... node  #0, CPUs:      #2 #1 #3
2025-06-15T14:34:20.078957+00:00 DESKTOP-35JMDNB kernel: MMIO Stale Data CPU bug present and SMT on, data leak possible. See https://www.kernel.org/doc/html/latest/admin-guide/hw-vuln/processor_mmio_stale_data.html for more details.
2025-06-15T14:34:20.078958+00:00 DESKTOP-35JMDNB kernel: smp: Brought up 1 node, 4 CPUs
2025-06-15T14:34:20.078959+00:00 DESKTOP-35JMDNB kernel: smpboot: Max logical packages: 1
2025-06-15T14:34:20.078961+00:00 DESKTOP-35JMDNB kernel: smpboot: Total of 4 processors activated (9523.21 BogoMIPS)
2025-06-15T14:34:20.078961+00:00 DESKTOP-35JMDNB kernel: node 0 deferred pages initialised in 20ms
2025-06-15T14:34:20.078962+00:00 DESKTOP-35JMDNB kernel: devtmpfs: initialized
2025-06-15T14:34:20.078962+00:00 DESKTOP-35JMDNB kernel: x86/mm: Memory block size: 128MB
2025-06-15T14:34:20.078963+00:00 DESKTOP-35JMDNB kernel: clocksource: jiffies: mask: 0xffffffff max_cycles: 0xffffffff, max_idle_ns: 7645041785100000 ns
2025-06-15T14:34:20.078963+00:00 DESKTOP-35JMDNB kernel: futex hash table entries: 1024 (order: 4, 65536 bytes, linear)
2025-06-15T14:34:20.078965+00:00 DESKTOP-35JMDNB kernel: pinctrl core: initialized pinctrl subsystem
2025-06-15T14:34:20.078966+00:00 DESKTOP-35JMDNB kernel: NET: Registered PF_NETLINK/PF_ROUTE protocol family
2025-06-15T14:34:20.078967+00:00 DESKTOP-35JMDNB kernel: DMA: preallocated 512 KiB GFP_KERNEL pool for atomic allocations
2025-06-15T14:34:20.078967+00:00 DESKTOP-35JMDNB kernel: DMA: preallocated 512 KiB GFP_KERNEL|GFP_DMA32 pool for atomic allocations
2025-06-15T14:34:20.078968+00:00 DESKTOP-35JMDNB kernel: audit: initializing netlink subsys (disabled)
2025-06-15T14:34:20.078970+00:00 DESKTOP-35JMDNB kernel: audit: type=2000 audit(1749998042.028:1): state=initialized audit_enabled=0 res=1
2025-06-15T14:34:20.078970+00:00 DESKTOP-35JMDNB kernel: thermal_sys: Registered thermal governor 'step_wise'
2025-06-15T14:34:20.078972+00:00 DESKTOP-35JMDNB kernel: thermal_sys: Registered thermal governor 'user_space'
2025-06-15T14:34:20.078974+00:00 DESKTOP-35JMDNB kernel: cpuidle: using governor ladder
2025-06-15T14:34:20.078975+00:00 DESKTOP-35JMDNB kernel: cpuidle: using governor menu
2025-06-15T14:34:20.078975+00:00 DESKTOP-35JMDNB kernel: acpiphp: ACPI Hot Plug PCI Controller Driver version: 0.5
2025-06-15T14:34:20.078976+00:00 DESKTOP-35JMDNB kernel: dca service started, version 1.12.1
2025-06-15T14:34:20.078976+00:00 DESKTOP-35JMDNB kernel: PCI: Fatal: No config space access function found
2025-06-15T14:34:20.078978+00:00 DESKTOP-35JMDNB kernel: kprobes: kprobe jump-optimization is enabled. All kprobes are optimized if possible.
2025-06-15T14:34:20.078979+00:00 DESKTOP-35JMDNB kernel: HugeTLB: registered 1.00 GiB page size, pre-allocated 0 pages
2025-06-15T14:34:20.079039+00:00 DESKTOP-35JMDNB kernel: HugeTLB: 16380 KiB vmemmap can be freed for a 1.00 GiB page
2025-06-15T14:34:20.079040+00:00 DESKTOP-35JMDNB kernel: HugeTLB: registered 2.00 MiB page size, pre-allocated 0 pages
2025-06-15T14:34:20.079041+00:00 DESKTOP-35JMDNB kernel: HugeTLB: 28 KiB vmemmap can be freed for a 2.00 MiB page
2025-06-15T14:34:20.079041+00:00 DESKTOP-35JMDNB kernel: cryptd: max_cpu_qlen set to 1000
2025-06-15T14:34:20.079044+00:00 DESKTOP-35JMDNB kernel: ACPI: Added _OSI(Module Device)
2025-06-15T14:34:20.079045+00:00 DESKTOP-35JMDNB kernel: ACPI: Added _OSI(Processor Device)
2025-06-15T14:34:20.079046+00:00 DESKTOP-35JMDNB kernel: ACPI: Added _OSI(3.0 _SCP Extensions)
2025-06-15T14:34:20.079046+00:00 DESKTOP-35JMDNB kernel: ACPI: Added _OSI(Processor Aggregator Device)
2025-06-15T14:34:20.079047+00:00 DESKTOP-35JMDNB kernel: ACPI: 1 ACPI AML tables successfully acquired and loaded
2025-06-15T14:34:20.079047+00:00 DESKTOP-35JMDNB kernel: ACPI: _OSC evaluation for CPUs failed, trying _PDC
2025-06-15T14:34:20.079048+00:00 DESKTOP-35JMDNB kernel: ACPI: Interpreter enabled
2025-06-15T14:34:20.079050+00:00 DESKTOP-35JMDNB kernel: ACPI: PM: (supports S0 S5)
2025-06-15T14:34:20.079051+00:00 DESKTOP-35JMDNB kernel: ACPI: Using IOAPIC for interrupt routing
2025-06-15T14:34:20.079052+00:00 DESKTOP-35JMDNB kernel: PCI: Using host bridge windows from ACPI; if necessary, use "pci=nocrs" and report a bug
2025-06-15T14:34:20.079052+00:00 DESKTOP-35JMDNB kernel: PCI: Using E820 reservations for host bridge windows
2025-06-15T14:34:20.079053+00:00 DESKTOP-35JMDNB kernel: ACPI: Enabled 2 GPEs in block 00 to 0F
2025-06-15T14:34:20.079053+00:00 DESKTOP-35JMDNB kernel: iommu: Default domain type: Translated
2025-06-15T14:34:20.079055+00:00 DESKTOP-35JMDNB kernel: iommu: DMA domain TLB invalidation policy: lazy mode
2025-06-15T14:34:20.079056+00:00 DESKTOP-35JMDNB kernel: SCSI subsystem initialized
2025-06-15T14:34:20.079057+00:00 DESKTOP-35JMDNB kernel: libata version 3.00 loaded.
2025-06-15T14:34:20.079059+00:00 DESKTOP-35JMDNB kernel: pps_core: LinuxPPS API ver. 1 registered
2025-06-15T14:34:20.079060+00:00 DESKTOP-35JMDNB kernel: pps_core: Software ver. 5.3.6 - Copyright 2005-2007 Rodolfo Giometti <giometti@linux.it>
2025-06-15T14:34:20.079061+00:00 DESKTOP-35JMDNB kernel: PTP clock support registered
2025-06-15T14:34:20.079061+00:00 DESKTOP-35JMDNB kernel: EDAC MC: Ver: 3.0.0
2025-06-15T14:34:20.079063+00:00 DESKTOP-35JMDNB kernel: hv_vmbus: Vmbus version:5.3
2025-06-15T14:34:20.079064+00:00 DESKTOP-35JMDNB kernel: hv_vmbus: Unknown GUID: 6e382d18-3336-4f4b-acc4-2b7703d4df4a
2025-06-15T14:34:20.079064+00:00 DESKTOP-35JMDNB kernel: hv_vmbus: Unknown GUID: dde9cbc0-5060-4436-9448-ea1254a5d177
2025-06-15T14:34:20.079065+00:00 DESKTOP-35JMDNB kernel: NetLabel: Initializing
2025-06-15T14:34:20.079066+00:00 DESKTOP-35JMDNB kernel: NetLabel:  domain hash size = 128
2025-06-15T14:34:20.079066+00:00 DESKTOP-35JMDNB kernel: NetLabel:  protocols = UNLABELED CIPSOv4 CALIPSO
2025-06-15T14:34:20.079068+00:00 DESKTOP-35JMDNB kernel: NetLabel:  unlabeled traffic allowed by default
2025-06-15T14:34:20.079069+00:00 DESKTOP-35JMDNB kernel: PCI: Using ACPI for IRQ routing
2025-06-15T14:34:20.079069+00:00 DESKTOP-35JMDNB kernel: PCI: System does not support PCI
2025-06-15T14:34:20.079070+00:00 DESKTOP-35JMDNB kernel: vgaarb: loaded
2025-06-15T14:34:20.079070+00:00 DESKTOP-35JMDNB kernel: clocksource: Switched to clocksource tsc-early
2025-06-15T14:34:20.079071+00:00 DESKTOP-35JMDNB kernel: VFS: Disk quotas dquot_6.6.0
2025-06-15T14:34:20.079073+00:00 DESKTOP-35JMDNB kernel: VFS: Dquot-cache hash table entries: 512 (order 0, 4096 bytes)
2025-06-15T14:34:20.079073+00:00 DESKTOP-35JMDNB kernel: FS-Cache: Loaded
2025-06-15T14:34:20.079074+00:00 DESKTOP-35JMDNB kernel: pnp: PnP ACPI init
2025-06-15T14:34:20.079074+00:00 DESKTOP-35JMDNB kernel: pnp: PnP ACPI: found 1 devices
2025-06-15T14:34:20.079075+00:00 DESKTOP-35JMDNB kernel: clocksource: acpi_pm: mask: 0xffffff max_cycles: 0xffffff, max_idle_ns: 2085701024 ns
2025-06-15T14:34:20.079075+00:00 DESKTOP-35JMDNB kernel: NET: Registered PF_INET protocol family
2025-06-15T14:34:20.079076+00:00 DESKTOP-35JMDNB kernel: IP idents hash table entries: 65536 (order: 7, 524288 bytes, linear)
2025-06-15T14:34:20.079080+00:00 DESKTOP-35JMDNB kernel: tcp_listen_portaddr_hash hash table entries: 2048 (order: 3, 32768 bytes, linear)
2025-06-15T14:34:20.079082+00:00 DESKTOP-35JMDNB kernel: Table-perturb hash table entries: 65536 (order: 6, 262144 bytes, linear)
2025-06-15T14:34:20.079083+00:00 DESKTOP-35JMDNB kernel: TCP established hash table entries: 32768 (order: 6, 262144 bytes, linear)
2025-06-15T14:34:20.079083+00:00 DESKTOP-35JMDNB kernel: TCP bind hash table entries: 32768 (order: 8, 1048576 bytes, linear)
2025-06-15T14:34:20.079083+00:00 DESKTOP-35JMDNB kernel: TCP: Hash tables configured (established 32768 bind 32768)
2025-06-15T14:34:20.079084+00:00 DESKTOP-35JMDNB kernel: UDP hash table entries: 2048 (order: 4, 65536 bytes, linear)
2025-06-15T14:34:20.079092+00:00 DESKTOP-35JMDNB kernel: UDP-Lite hash table entries: 2048 (order: 4, 65536 bytes, linear)
2025-06-15T14:34:20.079093+00:00 DESKTOP-35JMDNB kernel: NET: Registered PF_UNIX/PF_LOCAL protocol family
2025-06-15T14:34:20.079093+00:00 DESKTOP-35JMDNB kernel: NET: Registered PF_XDP protocol family
2025-06-15T14:34:20.079094+00:00 DESKTOP-35JMDNB kernel: PCI: CLS 0 bytes, default 64
2025-06-15T14:34:20.079095+00:00 DESKTOP-35JMDNB kernel: PCI-DMA: Using software bounce buffering for IO (SWIOTLB)
2025-06-15T14:34:20.079095+00:00 DESKTOP-35JMDNB kernel: software IO TLB: mapped [mem 0x00000000ef600000-0x00000000f3600000] (64MB)
2025-06-15T14:34:20.079096+00:00 DESKTOP-35JMDNB kernel: Trying to unpack rootfs image as initramfs...
2025-06-15T14:34:20.079102+00:00 DESKTOP-35JMDNB kernel: Freeing initrd memory: 2664K
2025-06-15T14:34:20.079103+00:00 DESKTOP-35JMDNB kernel: RAPL PMU: API unit is 2^-32 Joules, 0 fixed counters, 10737418240 ms ovfl timer
2025-06-15T14:34:20.079104+00:00 DESKTOP-35JMDNB kernel: clocksource: tsc: mask: 0xffffffffffffffff max_cycles: 0x1128b0cf317, max_idle_ns: 440795227453 ns
2025-06-15T14:34:20.079104+00:00 DESKTOP-35JMDNB kernel: clocksource: Switched to clocksource tsc
2025-06-15T14:34:20.079105+00:00 DESKTOP-35JMDNB kernel: Initialise system trusted keyrings
2025-06-15T14:34:20.079105+00:00 DESKTOP-35JMDNB kernel: Key type blacklist registered
2025-06-15T14:34:20.079109+00:00 DESKTOP-35JMDNB kernel: workingset: timestamp_bits=36 max_order=20 bucket_order=0
2025-06-15T14:34:20.079109+00:00 DESKTOP-35JMDNB kernel: squashfs: version 4.0 (2009/01/31) Phillip Lougher
2025-06-15T14:34:20.079110+00:00 DESKTOP-35JMDNB kernel: fuse: init (API version 7.39)
2025-06-15T14:34:20.079110+00:00 DESKTOP-35JMDNB kernel: SGI XFS with ACLs, security attributes, realtime, verbose warnings, quota, no debug enabled
2025-06-15T14:34:20.079111+00:00 DESKTOP-35JMDNB kernel: 9p: Installing v9fs 9p2000 file system support
2025-06-15T14:34:20.079111+00:00 DESKTOP-35JMDNB kernel: Key type asymmetric registered
2025-06-15T14:34:20.079115+00:00 DESKTOP-35JMDNB kernel: Asymmetric key parser 'x509' registered
2025-06-15T14:34:20.079115+00:00 DESKTOP-35JMDNB kernel: Block layer SCSI generic (bsg) driver version 0.4 loaded (major 245)
2025-06-15T14:34:20.079116+00:00 DESKTOP-35JMDNB kernel: io scheduler mq-deadline registered
2025-06-15T14:34:20.079116+00:00 DESKTOP-35JMDNB kernel: io scheduler kyber registered
2025-06-15T14:34:20.079117+00:00 DESKTOP-35JMDNB kernel: hv_vmbus: registering driver hv_pci
2025-06-15T14:34:20.079117+00:00 DESKTOP-35JMDNB kernel: hv_pci c4b741f5-5582-4c98-8f8b-2e082933c396: PCI VMBus probing: Using version 0x10004
2025-06-15T14:34:20.079118+00:00 DESKTOP-35JMDNB kernel: hv_pci c4b741f5-5582-4c98-8f8b-2e082933c396: PCI host bridge to bus 5582:00
2025-06-15T14:34:20.079121+00:00 DESKTOP-35JMDNB kernel: pci_bus 5582:00: root bus resource [mem 0x9ffe00000-0x9ffe02fff window]
2025-06-15T14:34:20.079122+00:00 DESKTOP-35JMDNB kernel: pci_bus 5582:00: No busn resource found for root bus, will use [bus 00-ff]
2025-06-15T14:34:20.079122+00:00 DESKTOP-35JMDNB kernel: pci 5582:00:00.0: [1af4:1043] type 00 class 0x010000
2025-06-15T14:34:20.079123+00:00 DESKTOP-35JMDNB kernel: pci 5582:00:00.0: reg 0x10: [mem 0x9ffe00000-0x9ffe00fff 64bit]
2025-06-15T14:34:20.079123+00:00 DESKTOP-35JMDNB kernel: pci 5582:00:00.0: reg 0x18: [mem 0x9ffe01000-0x9ffe01fff 64bit]
2025-06-15T14:34:20.079124+00:00 DESKTOP-35JMDNB kernel: pci 5582:00:00.0: reg 0x20: [mem 0x9ffe02000-0x9ffe02fff 64bit]
2025-06-15T14:34:20.079127+00:00 DESKTOP-35JMDNB kernel: pci_bus 5582:00: busn_res: [bus 00-ff] end is updated to 00
2025-06-15T14:34:20.079128+00:00 DESKTOP-35JMDNB kernel: pci 5582:00:00.0: BAR 0: assigned [mem 0x9ffe00000-0x9ffe00fff 64bit]
2025-06-15T14:34:20.079128+00:00 DESKTOP-35JMDNB kernel: pci 5582:00:00.0: BAR 2: assigned [mem 0x9ffe01000-0x9ffe01fff 64bit]
2025-06-15T14:34:20.079129+00:00 DESKTOP-35JMDNB kernel: pci 5582:00:00.0: BAR 4: assigned [mem 0x9ffe02000-0x9ffe02fff 64bit]
2025-06-15T14:34:20.079129+00:00 DESKTOP-35JMDNB kernel: hv_pci 974a1a50-c683-4952-8769-a8df5c3bc0ca: PCI VMBus probing: Using version 0x10004
2025-06-15T14:34:20.079130+00:00 DESKTOP-35JMDNB kernel: hv_pci 974a1a50-c683-4952-8769-a8df5c3bc0ca: PCI host bridge to bus c683:00
2025-06-15T14:34:20.079130+00:00 DESKTOP-35JMDNB kernel: pci_bus c683:00: No busn resource found for root bus, will use [bus 00-ff]
2025-06-15T14:34:20.079233+00:00 DESKTOP-35JMDNB kernel: pci c683:00:00.0: [1414:008e] type 00 class 0x030200
2025-06-15T14:34:20.079238+00:00 DESKTOP-35JMDNB kernel: pci_bus c683:00: busn_res: [bus 00-ff] end is updated to 00
2025-06-15T14:34:20.079240+00:00 DESKTOP-35JMDNB kernel: ioatdma: Intel(R) QuickData Technology Driver 5.00
2025-06-15T14:34:20.079241+00:00 DESKTOP-35JMDNB kernel: virtio-pci 5582:00:00.0: enabling device (0000 -> 0002)
2025-06-15T14:34:20.079241+00:00 DESKTOP-35JMDNB kernel: Serial: 8250/16550 driver, 8 ports, IRQ sharing enabled
2025-06-15T14:34:20.079242+00:00 DESKTOP-35JMDNB kernel: Linux agpgart interface v0.103
2025-06-15T14:34:20.079251+00:00 DESKTOP-35JMDNB kernel: AMD-Vi: AMD IOMMUv2 functionality not available on this system - This is not a bug.
2025-06-15T14:34:20.079252+00:00 DESKTOP-35JMDNB kernel: ACPI: bus type drm_connector registered
2025-06-15T14:34:20.079252+00:00 DESKTOP-35JMDNB kernel: printk: console [hvc0] enabled
2025-06-15T14:34:20.079253+00:00 DESKTOP-35JMDNB kernel: brd: module loaded
2025-06-15T14:34:20.079254+00:00 DESKTOP-35JMDNB kernel: loop: module loaded
2025-06-15T14:34:20.079255+00:00 DESKTOP-35JMDNB kernel: Loading iSCSI transport class v2.0-870.
2025-06-15T14:34:20.079259+00:00 DESKTOP-35JMDNB kernel: rdac: device handler registered
2025-06-15T14:34:20.079259+00:00 DESKTOP-35JMDNB kernel: Microchip SmartPQI Driver (v2.1.24-046)
2025-06-15T14:34:20.079260+00:00 DESKTOP-35JMDNB kernel: VMware PVSCSI driver - version 1.0.7.0-k
2025-06-15T14:34:20.079260+00:00 DESKTOP-35JMDNB kernel: hv_vmbus: registering driver hv_storvsc
2025-06-15T14:34:20.079261+00:00 DESKTOP-35JMDNB kernel: PPP generic driver version 2.4.2
2025-06-15T14:34:20.079261+00:00 DESKTOP-35JMDNB kernel: VMware vmxnet3 virtual NIC driver - version 1.7.0.0-k-NAPI
2025-06-15T14:34:20.079262+00:00 DESKTOP-35JMDNB kernel: scsi host0: storvsc_host_t
2025-06-15T14:34:20.079265+00:00 DESKTOP-35JMDNB kernel: hv_vmbus: registering driver hv_netvsc
2025-06-15T14:34:20.079266+00:00 DESKTOP-35JMDNB kernel: Fusion MPT base driver 3.04.20
2025-06-15T14:34:20.079266+00:00 DESKTOP-35JMDNB kernel: Copyright (c) 1999-2008 LSI Corporation
2025-06-15T14:34:20.079267+00:00 DESKTOP-35JMDNB kernel: Fusion MPT SPI Host driver 3.04.20
2025-06-15T14:34:20.079267+00:00 DESKTOP-35JMDNB kernel: Fusion MPT SAS Host driver 3.04.20
2025-06-15T14:34:20.079268+00:00 DESKTOP-35JMDNB kernel: Fusion MPT misc device (ioctl) driver 3.04.20
2025-06-15T14:34:20.079271+00:00 DESKTOP-35JMDNB kernel: mptctl: Registered with Fusion MPT base driver
2025-06-15T14:34:20.079272+00:00 DESKTOP-35JMDNB kernel: mptctl: /dev/mptctl @ (major,minor=10,220)
2025-06-15T14:34:20.079273+00:00 DESKTOP-35JMDNB kernel: i8042: PNP: No PS/2 controller found.
2025-06-15T14:34:20.079273+00:00 DESKTOP-35JMDNB kernel: hv_vmbus: registering driver hyperv_keyboard
2025-06-15T14:34:20.079274+00:00 DESKTOP-35JMDNB kernel: rtc_cmos 00:00: RTC can wake from S4
2025-06-15T14:34:20.079274+00:00 DESKTOP-35JMDNB kernel: rtc_cmos 00:00: registered as rtc0
2025-06-15T14:34:20.079275+00:00 DESKTOP-35JMDNB kernel: rtc_cmos 00:00: setting system clock to 2025-06-15T14:34:02 UTC (1749998042)
2025-06-15T14:34:20.079335+00:00 DESKTOP-35JMDNB kernel: rtc_cmos 00:00: alarms up to one month, 114 bytes nvram
2025-06-15T14:34:20.079337+00:00 DESKTOP-35JMDNB kernel: device-mapper: core: CONFIG_IMA_DISABLE_HTABLE is disabled. Duplicate IMA measurements will not be recorded in the IMA log.
2025-06-15T14:34:20.079337+00:00 DESKTOP-35JMDNB kernel: device-mapper: uevent: version 1.0.3
2025-06-15T14:34:20.079338+00:00 DESKTOP-35JMDNB kernel: device-mapper: ioctl: 4.48.0-ioctl (2023-03-01) initialised: dm-devel@redhat.com
2025-06-15T14:34:20.079338+00:00 DESKTOP-35JMDNB kernel: intel_pstate: CPU model not supported
2025-06-15T14:34:20.079339+00:00 DESKTOP-35JMDNB kernel: hv_utils: Registering HyperV Utility Driver
2025-06-15T14:34:20.079343+00:00 DESKTOP-35JMDNB kernel: hv_vmbus: registering driver hv_utils
2025-06-15T14:34:20.079343+00:00 DESKTOP-35JMDNB kernel: hv_vmbus: registering driver hv_balloon
2025-06-15T14:34:20.079344+00:00 DESKTOP-35JMDNB kernel: hv_vmbus: registering driver dxgkrnl
2025-06-15T14:34:20.079344+00:00 DESKTOP-35JMDNB kernel: hv_utils: TimeSync IC version 4.0
2025-06-15T14:34:20.079345+00:00 DESKTOP-35JMDNB kernel: hv_balloon: Using Dynamic Memory protocol version 2.0
2025-06-15T14:34:20.079346+00:00 DESKTOP-35JMDNB kernel: Free page reporting enabled
2025-06-15T14:34:20.079349+00:00 DESKTOP-35JMDNB kernel: hv_balloon: Cold memory discard hint enabled with order 9
2025-06-15T14:34:20.079350+00:00 DESKTOP-35JMDNB kernel: drop_monitor: Initializing network drop monitor service
2025-06-15T14:34:20.079350+00:00 DESKTOP-35JMDNB kernel: NET: Registered PF_INET6 protocol family
2025-06-15T14:34:20.079351+00:00 DESKTOP-35JMDNB kernel: Segment Routing with IPv6
2025-06-15T14:34:20.079351+00:00 DESKTOP-35JMDNB kernel: In-situ OAM (IOAM) with IPv6
2025-06-15T14:34:20.079353+00:00 DESKTOP-35JMDNB kernel: NET: Registered PF_PACKET protocol family
2025-06-15T14:34:20.079353+00:00 DESKTOP-35JMDNB kernel: 9pnet: Installing 9P2000 support
2025-06-15T14:34:20.079357+00:00 DESKTOP-35JMDNB kernel: NET: Registered PF_VSOCK protocol family
2025-06-15T14:34:20.079358+00:00 DESKTOP-35JMDNB kernel: hv_vmbus: registering driver hv_sock
2025-06-15T14:34:20.079358+00:00 DESKTOP-35JMDNB kernel: IPI shorthand broadcast: enabled
2025-06-15T14:34:20.079359+00:00 DESKTOP-35JMDNB kernel: AVX2 version of gcm_enc/dec engaged.
2025-06-15T14:34:20.079359+00:00 DESKTOP-35JMDNB kernel: AES CTR mode by8 optimization enabled
2025-06-15T14:34:20.079360+00:00 DESKTOP-35JMDNB kernel: sched_clock: Marking stable (312016641, 6197973)->(347816107, -29601493)
2025-06-15T14:34:20.079363+00:00 DESKTOP-35JMDNB kernel: registered taskstats version 1
2025-06-15T14:34:20.079364+00:00 DESKTOP-35JMDNB kernel: Loading compiled-in X.509 certificates
2025-06-15T14:34:20.079365+00:00 DESKTOP-35JMDNB kernel: ima: No TPM chip found, activating TPM-bypass!
2025-06-15T14:34:20.079365+00:00 DESKTOP-35JMDNB kernel: ima: Allocated hash algorithm: sha256
2025-06-15T14:34:20.079366+00:00 DESKTOP-35JMDNB kernel: ima: No architecture policies found
2025-06-15T14:34:20.079366+00:00 DESKTOP-35JMDNB kernel: RAS: Correctable Errors collector initialized.
2025-06-15T14:34:20.079371+00:00 DESKTOP-35JMDNB kernel: clk: Disabling unused clocks
2025-06-15T14:34:20.079372+00:00 DESKTOP-35JMDNB kernel: Freeing unused decrypted memory: 2028K
2025-06-15T14:34:20.079373+00:00 DESKTOP-35JMDNB kernel: Freeing unused kernel image (initmem) memory: 4484K
2025-06-15T14:34:20.079373+00:00 DESKTOP-35JMDNB kernel: Write protecting the kernel read-only data: 34816k
2025-06-15T14:34:20.079374+00:00 DESKTOP-35JMDNB kernel: Freeing unused kernel image (rodata/data gap) memory: 868K
2025-06-15T14:34:20.079374+00:00 DESKTOP-35JMDNB kernel: Run /init as init process
2025-06-15T14:34:20.079375+00:00 DESKTOP-35JMDNB kernel:   with arguments:
2025-06-15T14:34:20.079495+00:00 DESKTOP-35JMDNB kernel:     /init
2025-06-15T14:34:20.079500+00:00 DESKTOP-35JMDNB kernel:   with environment:
2025-06-15T14:34:20.079501+00:00 DESKTOP-35JMDNB kernel:     HOME=/
2025-06-15T14:34:20.079501+00:00 DESKTOP-35JMDNB kernel:     TERM=linux
2025-06-15T14:34:20.079502+00:00 DESKTOP-35JMDNB kernel:     WSL_ROOT_INIT=1
2025-06-15T14:34:20.079503+00:00 DESKTOP-35JMDNB kernel:     WSL_ENABLE_CRASH_DUMP=1
2025-06-15T14:34:20.079509+00:00 DESKTOP-35JMDNB kernel: scsi 0:0:0:0: Direct-Access     Msft     Virtual Disk     1.0  PQ: 0 ANSI: 5
2025-06-15T14:34:20.079510+00:00 DESKTOP-35JMDNB kernel: scsi 0:0:0:1: Direct-Access     Msft     Virtual Disk     1.0  PQ: 0 ANSI: 5
2025-06-15T14:34:20.079511+00:00 DESKTOP-35JMDNB kernel: sd 0:0:0:0: Attached scsi generic sg0 type 0
2025-06-15T14:34:20.079512+00:00 DESKTOP-35JMDNB kernel: sd 0:0:0:0: [sda] 795536 512-byte logical blocks: (407 MB/388 MiB)
2025-06-15T14:34:20.079513+00:00 DESKTOP-35JMDNB kernel: sd 0:0:0:1: Attached scsi generic sg1 type 0
2025-06-15T14:34:20.079513+00:00 DESKTOP-35JMDNB kernel: sd 0:0:0:1: [sdb] 381000 512-byte logical blocks: (195 MB/186 MiB)
2025-06-15T14:34:20.079514+00:00 DESKTOP-35JMDNB kernel: sd 0:0:0:1: [sdb] Write Protect is on
2025-06-15T14:34:20.079517+00:00 DESKTOP-35JMDNB kernel: sd 0:0:0:0: [sda] Write Protect is on
2025-06-15T14:34:20.079518+00:00 DESKTOP-35JMDNB kernel: sd 0:0:0:1: [sdb] Mode Sense: 0f 00 80 00
2025-06-15T14:34:20.079519+00:00 DESKTOP-35JMDNB kernel: sd 0:0:0:0: [sda] Mode Sense: 0f 00 80 00
2025-06-15T14:34:20.079519+00:00 DESKTOP-35JMDNB kernel: sd 0:0:0:1: [sdb] Write cache: disabled, read cache: enabled, doesn't support DPO or FUA
2025-06-15T14:34:20.079520+00:00 DESKTOP-35JMDNB kernel: sd 0:0:0:0: [sda] Write cache: disabled, read cache: enabled, doesn't support DPO or FUA
2025-06-15T14:34:20.079521+00:00 DESKTOP-35JMDNB kernel: sd 0:0:0:1: [sdb] Attached SCSI disk
2025-06-15T14:34:20.079524+00:00 DESKTOP-35JMDNB kernel: sd 0:0:0:0: [sda] Attached SCSI disk
2025-06-15T14:34:20.079524+00:00 DESKTOP-35JMDNB kernel: scsi 0:0:0:2: Direct-Access     Msft     Virtual Disk     1.0  PQ: 0 ANSI: 5
2025-06-15T14:34:20.079525+00:00 DESKTOP-35JMDNB kernel: sd 0:0:0:2: Attached scsi generic sg2 type 0
2025-06-15T14:34:20.079525+00:00 DESKTOP-35JMDNB kernel: sd 0:0:0:2: [sdc] 2097160 512-byte logical blocks: (1.07 GB/1.00 GiB)
2025-06-15T14:34:20.079526+00:00 DESKTOP-35JMDNB kernel: sd 0:0:0:2: [sdc] 4096-byte physical blocks
2025-06-15T14:34:20.079526+00:00 DESKTOP-35JMDNB kernel: sd 0:0:0:2: [sdc] Write Protect is off
2025-06-15T14:34:20.079530+00:00 DESKTOP-35JMDNB kernel: sd 0:0:0:2: [sdc] Mode Sense: 0f 00 00 00
2025-06-15T14:34:20.079530+00:00 DESKTOP-35JMDNB kernel: sd 0:0:0:2: [sdc] Write cache: enabled, read cache: enabled, doesn't support DPO or FUA
2025-06-15T14:34:20.079531+00:00 DESKTOP-35JMDNB kernel: sd 0:0:0:2: [sdc] Attached SCSI disk
2025-06-15T14:34:20.079531+00:00 DESKTOP-35JMDNB kernel: EXT4-fs (sda): mounted filesystem 00000000-0000-0000-0000-000000000000 ro without journal. Quota mode: none.
2025-06-15T14:34:20.079532+00:00 DESKTOP-35JMDNB kernel: EXT4-fs (sdb): mounted filesystem 00000000-0000-0000-0000-000000000000 ro without journal. Quota mode: none.
2025-06-15T14:34:20.079532+00:00 DESKTOP-35JMDNB kernel: tun: Universal TUN/TAP device driver, 1.6
2025-06-15T14:34:20.079536+00:00 DESKTOP-35JMDNB kernel: Adding 1048576k swap on /dev/sdc.  Priority:-2 extents:1 across:1048576k 
2025-06-15T14:34:20.079536+00:00 DESKTOP-35JMDNB kernel: bridge: filtering via arp/ip/ip6tables is no longer available by default. Update your scripts to load br_netfilter if you need this.
2025-06-15T14:34:20.079537+00:00 DESKTOP-35JMDNB kernel: Bridge firewalling registered
2025-06-15T14:34:20.079537+00:00 DESKTOP-35JMDNB kernel: hv_pci bc574a32-7f10-47c3-a98d-bfee78b53c72: PCI VMBus probing: Using version 0x10004
2025-06-15T14:34:20.079538+00:00 DESKTOP-35JMDNB kernel: hv_pci bc574a32-7f10-47c3-a98d-bfee78b53c72: PCI host bridge to bus 7f10:00
2025-06-15T14:34:20.079538+00:00 DESKTOP-35JMDNB kernel: pci_bus 7f10:00: root bus resource [mem 0xc00000000-0xe00001fff window]
2025-06-15T14:34:20.079539+00:00 DESKTOP-35JMDNB kernel: pci_bus 7f10:00: No busn resource found for root bus, will use [bus 00-ff]
2025-06-15T14:34:20.079542+00:00 DESKTOP-35JMDNB kernel: pci 7f10:00:00.0: [1af4:105a] type 00 class 0x088000
2025-06-15T14:34:20.079543+00:00 DESKTOP-35JMDNB kernel: pci 7f10:00:00.0: reg 0x10: [mem 0xe00000000-0xe00000fff 64bit]
2025-06-15T14:34:20.079543+00:00 DESKTOP-35JMDNB kernel: pci 7f10:00:00.0: reg 0x18: [mem 0xe00001000-0xe00001fff 64bit]
2025-06-15T14:34:20.079544+00:00 DESKTOP-35JMDNB kernel: pci 7f10:00:00.0: reg 0x20: [mem 0xc00000000-0xdffffffff 64bit]
2025-06-15T14:34:20.079544+00:00 DESKTOP-35JMDNB kernel: pci_bus 7f10:00: busn_res: [bus 00-ff] end is updated to 00
2025-06-15T14:34:20.079545+00:00 DESKTOP-35JMDNB kernel: pci 7f10:00:00.0: BAR 4: assigned [mem 0xc00000000-0xdffffffff 64bit]
2025-06-15T14:34:20.079548+00:00 DESKTOP-35JMDNB kernel: pci 7f10:00:00.0: BAR 0: assigned [mem 0xe00000000-0xe00000fff 64bit]
2025-06-15T14:34:20.079548+00:00 DESKTOP-35JMDNB kernel: pci 7f10:00:00.0: BAR 2: assigned [mem 0xe00001000-0xe00001fff 64bit]
2025-06-15T14:34:20.079549+00:00 DESKTOP-35JMDNB kernel: virtio-pci 7f10:00:00.0: enabling device (0000 -> 0002)
2025-06-15T14:34:20.079549+00:00 DESKTOP-35JMDNB kernel: virtiofs virtio1: Cache len: 0x200000000 @ 0xc00000000
2025-06-15T14:34:20.079550+00:00 DESKTOP-35JMDNB kernel: scsi 0:0:0:3: Direct-Access     Msft     Virtual Disk     1.0  PQ: 0 ANSI: 5
2025-06-15T14:34:20.079550+00:00 DESKTOP-35JMDNB kernel: sd 0:0:0:3: Attached scsi generic sg3 type 0
2025-06-15T14:34:20.079553+00:00 DESKTOP-35JMDNB kernel: sd 0:0:0:3: [sdd] 2147483648 512-byte logical blocks: (1.10 TB/1.00 TiB)
2025-06-15T14:34:20.079554+00:00 DESKTOP-35JMDNB kernel: sd 0:0:0:3: [sdd] 4096-byte physical blocks
2025-06-15T14:34:20.079554+00:00 DESKTOP-35JMDNB kernel: sd 0:0:0:3: [sdd] Write Protect is off
2025-06-15T14:34:20.079555+00:00 DESKTOP-35JMDNB kernel: sd 0:0:0:3: [sdd] Mode Sense: 0f 00 00 00
2025-06-15T14:34:20.079555+00:00 DESKTOP-35JMDNB kernel: sd 0:0:0:3: [sdd] Write cache: enabled, read cache: enabled, doesn't support DPO or FUA
2025-06-15T14:34:20.079556+00:00 DESKTOP-35JMDNB kernel: sd 0:0:0:3: [sdd] Attached SCSI disk
2025-06-15T14:34:20.079556+00:00 DESKTOP-35JMDNB kernel: hv_storvsc fd1d2cbd-ce7c-535c-966b-eb5f811c95f0: tag#4 cmd 0x2a status: scsi 0x0 srb 0x4 hv 0xc00000a1
2025-06-15T14:34:20.079560+00:00 DESKTOP-35JMDNB kernel: EXT4-fs (sdd): mounted filesystem ad99bfdf-019c-40af-8929-afc48dcbc09a r/w with ordered data mode. Quota mode: none.
2025-06-15T14:34:20.079561+00:00 DESKTOP-35JMDNB kernel: EXT4-fs (sdd): unmounting filesystem ad99bfdf-019c-40af-8929-afc48dcbc09a.
2025-06-15T14:34:20.079561+00:00 DESKTOP-35JMDNB kernel: EXT4-fs (sdd): mounted filesystem ad99bfdf-019c-40af-8929-afc48dcbc09a r/w with ordered data mode. Quota mode: none.
2025-06-15T14:34:20.079562+00:00 DESKTOP-35JMDNB kernel: pulseaudio[220]: memfd_create() called without MFD_EXEC or MFD_NOEXEC_SEAL set
2025-06-15T14:34:20.079563+00:00 DESKTOP-35JMDNB kernel: misc dxg: dxgk: dxgkio_is_feature_enabled: Ioctl failed: -22
2025-06-15T14:34:20.079566+00:00 DESKTOP-35JMDNB kernel: misc dxg: dxgk: dxgkio_query_adapter_info: Ioctl failed: -22
2025-06-15T14:34:20.079570+00:00 DESKTOP-35JMDNB kernel: message repeated 2 times: [ misc dxg: dxgk: dxgkio_query_adapter_info: Ioctl failed: -22]
2025-06-15T14:34:20.079572+00:00 DESKTOP-35JMDNB kernel: misc dxg: dxgk: dxgkio_query_adapter_info: Ioctl failed: -2
2025-06-15T14:34:20.079591+00:00 DESKTOP-35JMDNB kernel: ACPI: battery: Slot [BAT1] (battery present)
2025-06-15T14:34:20.079592+00:00 DESKTOP-35JMDNB kernel: ACPI: AC: AC Adapter [AC1] (on-line)
2025-06-15T14:34:20.079593+00:00 DESKTOP-35JMDNB kernel: kvm_intel: Using Hyper-V Enlightened VMCS
2025-06-15T14:34:21.562521+00:00 DESKTOP-35JMDNB kernel: TCP: eth0: Driver has suspect GRO implementation, TCP performance may be compromised.
2025-06-15T14:34:49.261378+00:00 DESKTOP-35JMDNB kernel: hv_balloon: Max. dynamic memory size: 3966 MB
2025-06-15T14:44:01.579863+00:00 DESKTOP-35JMDNB kernel: mini_init (177): drop_caches: 1
2025-06-15T14:48:01.619023+00:00 DESKTOP-35JMDNB kernel: mini_init (177): drop_caches: 1
2025-06-15T15:38:52.503371+00:00 DESKTOP-35JMDNB kernel: Linux version 6.6.87.1-microsoft-standard-WSL2 (root@af282157c79e) (gcc (GCC) 11.2.0, GNU ld (GNU Binutils) 2.37) #1 SMP PREEMPT_DYNAMIC Mon Apr 21 17:08:54 UTC 2025
2025-06-15T15:38:52.503379+00:00 DESKTOP-35JMDNB kernel: Command line: initrd=\initrd.img WSL_ROOT_INIT=1 panic=-1 nr_cpus=4 hv_utils.timesync_implicit=1 console=hvc0 debug pty.legacy_count=0 WSL_ENABLE_CRASH_DUMP=1
2025-06-15T15:38:52.503380+00:00 DESKTOP-35JMDNB kernel: KERNEL supported cpus:
2025-06-15T15:38:52.503380+00:00 DESKTOP-35JMDNB kernel:   Intel GenuineIntel
2025-06-15T15:38:52.503381+00:00 DESKTOP-35JMDNB kernel:   AMD AuthenticAMD
2025-06-15T15:38:52.503381+00:00 DESKTOP-35JMDNB kernel: BIOS-provided physical RAM map:
2025-06-15T15:38:52.503382+00:00 DESKTOP-35JMDNB kernel: BIOS-e820: [mem 0x0000000000000000-0x000000000009ffff] usable
2025-06-15T15:38:52.503384+00:00 DESKTOP-35JMDNB kernel: BIOS-e820: [mem 0x00000000000e0000-0x00000000000e0fff] reserved
2025-06-15T15:38:52.503385+00:00 DESKTOP-35JMDNB kernel: BIOS-e820: [mem 0x0000000000100000-0x00000000001fffff] ACPI data
2025-06-15T15:38:52.503385+00:00 DESKTOP-35JMDNB kernel: BIOS-e820: [mem 0x0000000000200000-0x00000000f7dfffff] usable
2025-06-15T15:38:52.503386+00:00 DESKTOP-35JMDNB kernel: NX (Execute Disable) protection: active
2025-06-15T15:38:52.503386+00:00 DESKTOP-35JMDNB kernel: APIC: Static calls initialized
2025-06-15T15:38:52.503387+00:00 DESKTOP-35JMDNB kernel: DMI not present or invalid.
2025-06-15T15:38:52.503387+00:00 DESKTOP-35JMDNB kernel: Hypervisor detected: Microsoft Hyper-V
2025-06-15T15:38:52.503390+00:00 DESKTOP-35JMDNB kernel: Hyper-V: privilege flags low 0xae7f, high 0x3b8030, hints 0x9a4e24, misc 0xe4bed7b6
2025-06-15T15:38:52.503390+00:00 DESKTOP-35JMDNB kernel: Hyper-V: Nested features: 0x3e0101
2025-06-15T15:38:52.503391+00:00 DESKTOP-35JMDNB kernel: Hyper-V: LAPIC Timer Frequency: 0xc3500
2025-06-15T15:38:52.503393+00:00 DESKTOP-35JMDNB kernel: Hyper-V: Using hypercall for remote TLB flush
2025-06-15T15:38:52.503394+00:00 DESKTOP-35JMDNB kernel: clocksource: hyperv_clocksource_tsc_page: mask: 0xffffffffffffffff max_cycles: 0x24e6a1710, max_idle_ns: 440795202120 ns
2025-06-15T15:38:52.503394+00:00 DESKTOP-35JMDNB kernel: clocksource: hyperv_clocksource_msr: mask: 0xffffffffffffffff max_cycles: 0x24e6a1710, max_idle_ns: 440795202120 ns
2025-06-15T15:38:52.503399+00:00 DESKTOP-35JMDNB kernel: tsc: Detected 1190.402 MHz processor
2025-06-15T15:38:52.503400+00:00 DESKTOP-35JMDNB kernel: e820: update [mem 0x00000000-0x00000fff] usable ==> reserved
2025-06-15T15:38:52.503400+00:00 DESKTOP-35JMDNB kernel: e820: remove [mem 0x000a0000-0x000fffff] usable
2025-06-15T15:38:52.503401+00:00 DESKTOP-35JMDNB kernel: last_pfn = 0xf7e00 max_arch_pfn = 0x400000000
2025-06-15T15:38:52.503401+00:00 DESKTOP-35JMDNB kernel: MTRR map: 5 entries (4 fixed + 1 variable; max 20), built from 8 variable MTRRs
2025-06-15T15:38:52.503402+00:00 DESKTOP-35JMDNB kernel: x86/PAT: Configuration [0-7]: WB  WC  UC- UC  WB  WP  UC- WT  
2025-06-15T15:38:52.503404+00:00 DESKTOP-35JMDNB kernel: Using GB pages for direct mapping
2025-06-15T15:38:52.503405+00:00 DESKTOP-35JMDNB kernel: RAMDISK: [mem 0x04be4000-0x04e7dfff]
2025-06-15T15:38:52.503405+00:00 DESKTOP-35JMDNB kernel: ACPI: Early table checksum verification disabled
2025-06-15T15:38:52.503406+00:00 DESKTOP-35JMDNB kernel: ACPI: RSDP 0x00000000000E0000 000024 (v02 VRTUAL)
2025-06-15T15:38:52.503407+00:00 DESKTOP-35JMDNB kernel: ACPI: XSDT 0x0000000000100000 000044 (v01 VRTUAL MICROSFT 00000001 MSFT 00000001)
2025-06-15T15:38:52.503408+00:00 DESKTOP-35JMDNB kernel: ACPI: FACP 0x0000000000101000 000114 (v06 VRTUAL MICROSFT 00000001 MSFT 00000001)
2025-06-15T15:38:52.503410+00:00 DESKTOP-35JMDNB kernel: ACPI: DSDT 0x00000000001011B8 01E191 (v02 MSFTVM DSDT01   00000001 MSFT 05000000)
2025-06-15T15:38:52.503411+00:00 DESKTOP-35JMDNB kernel: ACPI: FACS 0x0000000000101114 000040
2025-06-15T15:38:52.503412+00:00 DESKTOP-35JMDNB kernel: ACPI: OEM0 0x0000000000101154 000064 (v01 VRTUAL MICROSFT 00000001 MSFT 00000001)
2025-06-15T15:38:52.503414+00:00 DESKTOP-35JMDNB kernel: ACPI: SRAT 0x000000000011F349 0002F0 (v02 VRTUAL MICROSFT 00000001 MSFT 00000001)
2025-06-15T15:38:52.503414+00:00 DESKTOP-35JMDNB kernel: ACPI: APIC 0x000000000011F639 000068 (v04 VRTUAL MICROSFT 00000001 MSFT 00000001)
2025-06-15T15:38:52.503415+00:00 DESKTOP-35JMDNB kernel: ACPI: Reserving FACP table memory at [mem 0x101000-0x101113]
2025-06-15T15:38:52.503415+00:00 DESKTOP-35JMDNB kernel: ACPI: Reserving DSDT table memory at [mem 0x1011b8-0x11f348]
2025-06-15T15:38:52.503418+00:00 DESKTOP-35JMDNB kernel: ACPI: Reserving FACS table memory at [mem 0x101114-0x101153]
2025-06-15T15:38:52.503419+00:00 DESKTOP-35JMDNB kernel: ACPI: Reserving OEM0 table memory at [mem 0x101154-0x1011b7]
2025-06-15T15:38:52.503419+00:00 DESKTOP-35JMDNB kernel: ACPI: Reserving SRAT table memory at [mem 0x11f349-0x11f638]
2025-06-15T15:38:52.503420+00:00 DESKTOP-35JMDNB kernel: ACPI: Reserving APIC table memory at [mem 0x11f639-0x11f6a0]
2025-06-15T15:38:52.503420+00:00 DESKTOP-35JMDNB kernel: SRAT: PXM 0 -> APIC 0x00 -> Node 0
2025-06-15T15:38:52.503421+00:00 DESKTOP-35JMDNB kernel: SRAT: PXM 0 -> APIC 0x01 -> Node 0
2025-06-15T15:38:52.503423+00:00 DESKTOP-35JMDNB kernel: SRAT: PXM 0 -> APIC 0x02 -> Node 0
2025-06-15T15:38:52.503424+00:00 DESKTOP-35JMDNB kernel: SRAT: PXM 0 -> APIC 0x03 -> Node 0
2025-06-15T15:38:52.503424+00:00 DESKTOP-35JMDNB kernel: ACPI: SRAT: Node 0 PXM 0 [mem 0x00000000-0xf7dfffff] hotplug
2025-06-15T15:38:52.503425+00:00 DESKTOP-35JMDNB kernel: ACPI: SRAT: Node 0 PXM 0 [mem 0xf7e00000-0xf7ffffff] hotplug
2025-06-15T15:38:52.503425+00:00 DESKTOP-35JMDNB kernel: ACPI: SRAT: Node 0 PXM 0 [mem 0x100000000-0x9ffdfffff] hotplug
2025-06-15T15:38:52.503426+00:00 DESKTOP-35JMDNB kernel: ACPI: SRAT: Node 0 PXM 0 [mem 0x1000000000-0xffffffffff] hotplug
2025-06-15T15:38:52.503426+00:00 DESKTOP-35JMDNB kernel: ACPI: SRAT: Node 0 PXM 0 [mem 0x10000000000-0x1ffffffffff] hotplug
2025-06-15T15:38:52.503478+00:00 DESKTOP-35JMDNB kernel: ACPI: SRAT: Node 0 PXM 0 [mem 0x20000000000-0x3ffffffffff] hotplug
2025-06-15T15:38:52.503481+00:00 DESKTOP-35JMDNB kernel: ACPI: SRAT: Node 0 PXM 0 [mem 0x40000000000-0x7ffffffffff] hotplug
2025-06-15T15:38:52.503482+00:00 DESKTOP-35JMDNB kernel: ACPI: SRAT: Node 0 PXM 0 [mem 0x80000000000-0xfffffffffff] hotplug
2025-06-15T15:38:52.503482+00:00 DESKTOP-35JMDNB kernel: ACPI: SRAT: Node 0 PXM 0 [mem 0x100000000000-0x1fffffffffff] hotplug
2025-06-15T15:38:52.503483+00:00 DESKTOP-35JMDNB kernel: ACPI: SRAT: Node 0 PXM 0 [mem 0x200000000000-0x3fffffffffff] hotplug
2025-06-15T15:38:52.503483+00:00 DESKTOP-35JMDNB kernel: ACPI: SRAT: Node 0 PXM 0 [mem 0x400000000000-0x7fffffffffff] hotplug
2025-06-15T15:38:52.503486+00:00 DESKTOP-35JMDNB kernel: ACPI: SRAT: Node 0 PXM 0 [mem 0x800000000000-0xffffffffffff] hotplug
2025-06-15T15:38:52.503487+00:00 DESKTOP-35JMDNB kernel: ACPI: SRAT: Node 0 PXM 0 [mem 0x1000000000000-0x1ffffffffffff] hotplug
2025-06-15T15:38:52.503487+00:00 DESKTOP-35JMDNB kernel: ACPI: SRAT: Node 0 PXM 0 [mem 0x2000000000000-0x3ffffffffffff] hotplug
2025-06-15T15:38:52.503488+00:00 DESKTOP-35JMDNB kernel: ACPI: SRAT: Node 0 PXM 0 [mem 0x4000000000000-0x7ffffffffffff] hotplug
2025-06-15T15:38:52.503488+00:00 DESKTOP-35JMDNB kernel: ACPI: SRAT: Node 0 PXM 0 [mem 0x8000000000000-0xfffffffffffff] hotplug
2025-06-15T15:38:52.503489+00:00 DESKTOP-35JMDNB kernel: NODE_DATA(0) allocated [mem 0xf7dde000-0xf7dfffff]
2025-06-15T15:38:52.503491+00:00 DESKTOP-35JMDNB kernel: Zone ranges:
2025-06-15T15:38:52.503492+00:00 DESKTOP-35JMDNB kernel:   DMA32    [mem 0x0000000000001000-0x00000000f7dfffff]
2025-06-15T15:38:52.503492+00:00 DESKTOP-35JMDNB kernel:   Normal   empty
2025-06-15T15:38:52.503493+00:00 DESKTOP-35JMDNB kernel:   Device   empty
2025-06-15T15:38:52.503493+00:00 DESKTOP-35JMDNB kernel: Movable zone start for each node
2025-06-15T15:38:52.503493+00:00 DESKTOP-35JMDNB kernel: Early memory node ranges
2025-06-15T15:38:52.503494+00:00 DESKTOP-35JMDNB kernel:   node   0: [mem 0x0000000000001000-0x000000000009ffff]
2025-06-15T15:38:52.503496+00:00 DESKTOP-35JMDNB kernel:   node   0: [mem 0x0000000000200000-0x00000000f7dfffff]
2025-06-15T15:38:52.503496+00:00 DESKTOP-35JMDNB kernel: Initmem setup node 0 [mem 0x0000000000001000-0x00000000f7dfffff]
2025-06-15T15:38:52.503497+00:00 DESKTOP-35JMDNB kernel: On node 0, zone DMA32: 1 pages in unavailable ranges
2025-06-15T15:38:52.503497+00:00 DESKTOP-35JMDNB kernel: On node 0, zone DMA32: 352 pages in unavailable ranges
2025-06-15T15:38:52.503498+00:00 DESKTOP-35JMDNB kernel: On node 0, zone DMA32: 512 pages in unavailable ranges
2025-06-15T15:38:52.503498+00:00 DESKTOP-35JMDNB kernel: ACPI: PM-Timer IO Port: 0x408
2025-06-15T15:38:52.503500+00:00 DESKTOP-35JMDNB kernel: ACPI: LAPIC_NMI (acpi_id[0x01] dfl dfl lint[0x1])
2025-06-15T15:38:52.503501+00:00 DESKTOP-35JMDNB kernel: IOAPIC[0]: apic_id 4, version 17, address 0xfec00000, GSI 0-23
2025-06-15T15:38:52.503501+00:00 DESKTOP-35JMDNB kernel: ACPI: INT_SRC_OVR (bus 0 bus_irq 9 global_irq 9 high level)
2025-06-15T15:38:52.503502+00:00 DESKTOP-35JMDNB kernel: ACPI: Using ACPI (MADT) for SMP configuration information
2025-06-15T15:38:52.503502+00:00 DESKTOP-35JMDNB kernel: TSC deadline timer available
2025-06-15T15:38:52.503503+00:00 DESKTOP-35JMDNB kernel: smpboot: Allowing 4 CPUs, 0 hotplug CPUs
2025-06-15T15:38:52.503503+00:00 DESKTOP-35JMDNB kernel: PM: hibernation: Registered nosave memory: [mem 0x00000000-0x00000fff]
2025-06-15T15:38:52.503505+00:00 DESKTOP-35JMDNB kernel: PM: hibernation: Registered nosave memory: [mem 0x000a0000-0x000dffff]
2025-06-15T15:38:52.503506+00:00 DESKTOP-35JMDNB kernel: PM: hibernation: Registered nosave memory: [mem 0x000e0000-0x000e0fff]
2025-06-15T15:38:52.503506+00:00 DESKTOP-35JMDNB kernel: PM: hibernation: Registered nosave memory: [mem 0x000e1000-0x000fffff]
2025-06-15T15:38:52.503507+00:00 DESKTOP-35JMDNB kernel: PM: hibernation: Registered nosave memory: [mem 0x00100000-0x001fffff]
2025-06-15T15:38:52.503508+00:00 DESKTOP-35JMDNB kernel: [mem 0xf7e00000-0xffffffff] available for PCI devices
2025-06-15T15:38:52.503508+00:00 DESKTOP-35JMDNB kernel: Booting paravirtualized kernel on Hyper-V
2025-06-15T15:38:52.503511+00:00 DESKTOP-35JMDNB kernel: clocksource: refined-jiffies: mask: 0xffffffff max_cycles: 0xffffffff, max_idle_ns: 7645519600211568 ns
2025-06-15T15:38:52.503511+00:00 DESKTOP-35JMDNB kernel: setup_percpu: NR_CPUS:8192 nr_cpumask_bits:4 nr_cpu_ids:4 nr_node_ids:1
2025-06-15T15:38:52.503512+00:00 DESKTOP-35JMDNB kernel: percpu: Embedded 63 pages/cpu s221184 r8192 d28672 u524288
2025-06-15T15:38:52.503512+00:00 DESKTOP-35JMDNB kernel: pcpu-alloc: s221184 r8192 d28672 u524288 alloc=1*2097152
2025-06-15T15:38:52.503513+00:00 DESKTOP-35JMDNB kernel: pcpu-alloc: [0] 0 1 2 3 
2025-06-15T15:38:52.503513+00:00 DESKTOP-35JMDNB kernel: Hyper-V: PV spinlocks enabled
2025-06-15T15:38:52.503516+00:00 DESKTOP-35JMDNB kernel: PV qspinlock hash table entries: 256 (order: 0, 4096 bytes, linear)
2025-06-15T15:38:52.503516+00:00 DESKTOP-35JMDNB kernel: Kernel command line: initrd=\initrd.img WSL_ROOT_INIT=1 panic=-1 nr_cpus=4 hv_utils.timesync_implicit=1 console=hvc0 debug pty.legacy_count=0 WSL_ENABLE_CRASH_DUMP=1
2025-06-15T15:38:52.503517+00:00 DESKTOP-35JMDNB kernel: Unknown kernel command line parameters "WSL_ROOT_INIT=1 WSL_ENABLE_CRASH_DUMP=1", will be passed to user space.
2025-06-15T15:38:52.503517+00:00 DESKTOP-35JMDNB kernel: random: crng init done
2025-06-15T15:38:52.503518+00:00 DESKTOP-35JMDNB kernel: Dentry cache hash table entries: 524288 (order: 10, 4194304 bytes, linear)
2025-06-15T15:38:52.503518+00:00 DESKTOP-35JMDNB kernel: Inode-cache hash table entries: 262144 (order: 9, 2097152 bytes, linear)
2025-06-15T15:38:52.503521+00:00 DESKTOP-35JMDNB kernel: Fallback order for Node 0: 0 
2025-06-15T15:38:52.503521+00:00 DESKTOP-35JMDNB kernel: Built 1 zonelists, mobility grouping on.  Total pages: 998920
2025-06-15T15:38:52.503522+00:00 DESKTOP-35JMDNB kernel: Policy zone: DMA32
2025-06-15T15:38:52.503581+00:00 DESKTOP-35JMDNB kernel: mem auto-init: stack:off, heap alloc:on, heap free:off
2025-06-15T15:38:52.503582+00:00 DESKTOP-35JMDNB kernel: software IO TLB: area num 4.
2025-06-15T15:38:52.503583+00:00 DESKTOP-35JMDNB kernel: Memory: 257172K/4059772K available (20480K kernel code, 3448K rwdata, 13468K rodata, 4484K init, 6224K bss, 189656K reserved, 0K cma-reserved)
2025-06-15T15:38:52.503586+00:00 DESKTOP-35JMDNB kernel: SLUB: HWalign=64, Order=0-3, MinObjects=0, CPUs=4, Nodes=1
2025-06-15T15:38:52.503587+00:00 DESKTOP-35JMDNB kernel: ftrace: allocating 55613 entries in 218 pages
2025-06-15T15:38:52.503587+00:00 DESKTOP-35JMDNB kernel: ftrace: allocated 218 pages with 5 groups
2025-06-15T15:38:52.504494+00:00 DESKTOP-35JMDNB kernel: Dynamic Preempt: none
2025-06-15T15:38:52.504494+00:00 DESKTOP-35JMDNB kernel: rcu: Preemptible hierarchical RCU implementation.
2025-06-15T15:38:52.504495+00:00 DESKTOP-35JMDNB kernel: rcu: 	RCU restricting CPUs from NR_CPUS=8192 to nr_cpu_ids=4.
2025-06-15T15:38:52.504496+00:00 DESKTOP-35JMDNB kernel: 	Trampoline variant of Tasks RCU enabled.
2025-06-15T15:38:52.504501+00:00 DESKTOP-35JMDNB kernel: 	Rude variant of Tasks RCU enabled.
2025-06-15T15:38:52.504502+00:00 DESKTOP-35JMDNB kernel: 	Tracing variant of Tasks RCU enabled.
2025-06-15T15:38:52.504502+00:00 DESKTOP-35JMDNB kernel: rcu: RCU calculated value of scheduler-enlistment delay is 25 jiffies.
2025-06-15T15:38:52.504503+00:00 DESKTOP-35JMDNB kernel: rcu: Adjusting geometry for rcu_fanout_leaf=16, nr_cpu_ids=4
2025-06-15T15:38:52.504503+00:00 DESKTOP-35JMDNB kernel: Using NULL legacy PIC
2025-06-15T15:38:52.504504+00:00 DESKTOP-35JMDNB kernel: NR_IRQS: 524544, nr_irqs: 456, preallocated irqs: 0
2025-06-15T15:38:52.504506+00:00 DESKTOP-35JMDNB kernel: rcu: srcu_init: Setting srcu_struct sizes based on contention.
2025-06-15T15:38:52.504507+00:00 DESKTOP-35JMDNB kernel: Console: colour dummy device 80x25
2025-06-15T15:38:52.504508+00:00 DESKTOP-35JMDNB kernel: ACPI: Core revision 20230628
2025-06-15T15:38:52.504508+00:00 DESKTOP-35JMDNB kernel: Failed to register legacy timer interrupt
2025-06-15T15:38:52.504509+00:00 DESKTOP-35JMDNB kernel: APIC: Switch to symmetric I/O mode setup
2025-06-15T15:38:52.504509+00:00 DESKTOP-35JMDNB kernel: x2apic enabled
2025-06-15T15:38:52.504511+00:00 DESKTOP-35JMDNB kernel: APIC: Switched APIC routing to: physical x2apic
2025-06-15T15:38:52.504512+00:00 DESKTOP-35JMDNB kernel: Hyper-V: Host Build 10.0.26100.3912-3-0
2025-06-15T15:38:52.504512+00:00 DESKTOP-35JMDNB kernel: Hyper-V: enabling crash_kexec_post_notifiers
2025-06-15T15:38:52.504513+00:00 DESKTOP-35JMDNB kernel: Hyper-V: Using IPI hypercalls
2025-06-15T15:38:52.504513+00:00 DESKTOP-35JMDNB kernel: APIC: send_IPI() replaced with hv_send_ipi()
2025-06-15T15:38:52.504514+00:00 DESKTOP-35JMDNB kernel: APIC: send_IPI_mask() replaced with hv_send_ipi_mask()
2025-06-15T15:38:52.504514+00:00 DESKTOP-35JMDNB kernel: APIC: send_IPI_mask_allbutself() replaced with hv_send_ipi_mask_allbutself()
2025-06-15T15:38:52.504517+00:00 DESKTOP-35JMDNB kernel: APIC: send_IPI_allbutself() replaced with hv_send_ipi_allbutself()
2025-06-15T15:38:52.504517+00:00 DESKTOP-35JMDNB kernel: APIC: send_IPI_all() replaced with hv_send_ipi_all()
2025-06-15T15:38:52.504518+00:00 DESKTOP-35JMDNB kernel: APIC: send_IPI_self() replaced with hv_send_ipi_self()
2025-06-15T15:38:52.504518+00:00 DESKTOP-35JMDNB kernel: clocksource: tsc-early: mask: 0xffffffffffffffff max_cycles: 0x1128b0cf317, max_idle_ns: 440795227453 ns
2025-06-15T15:38:52.504519+00:00 DESKTOP-35JMDNB kernel: Calibrating delay loop (skipped), value calculated using timer frequency.. 2380.80 BogoMIPS (lpj=4761608)
2025-06-15T15:38:52.504520+00:00 DESKTOP-35JMDNB kernel: x86/cpu: User Mode Instruction Prevention (UMIP) activated
2025-06-15T15:38:52.504522+00:00 DESKTOP-35JMDNB kernel: Last level iTLB entries: 4KB 0, 2MB 0, 4MB 0
2025-06-15T15:38:52.504522+00:00 DESKTOP-35JMDNB kernel: Last level dTLB entries: 4KB 0, 2MB 0, 4MB 0, 1GB 0
2025-06-15T15:38:52.504523+00:00 DESKTOP-35JMDNB kernel: Spectre V1 : Mitigation: usercopy/swapgs barriers and __user pointer sanitization
2025-06-15T15:38:52.504524+00:00 DESKTOP-35JMDNB kernel: Spectre V2 : Spectre BHI mitigation: SW BHB clearing on vm exit
2025-06-15T15:38:52.504524+00:00 DESKTOP-35JMDNB kernel: Spectre V2 : Spectre BHI mitigation: SW BHB clearing on syscall
2025-06-15T15:38:52.504525+00:00 DESKTOP-35JMDNB kernel: Spectre V2 : Mitigation: Enhanced / Automatic IBRS
2025-06-15T15:38:52.504527+00:00 DESKTOP-35JMDNB kernel: Spectre V2 : Spectre v2 / SpectreRSB mitigation: Filling RSB on context switch
2025-06-15T15:38:52.504528+00:00 DESKTOP-35JMDNB kernel: Spectre V2 : Spectre v2 / PBRSB-eIBRS: Retire a single CALL on VMEXIT
2025-06-15T15:38:52.504528+00:00 DESKTOP-35JMDNB kernel: RETBleed: Mitigation: Enhanced IBRS
2025-06-15T15:38:52.504529+00:00 DESKTOP-35JMDNB kernel: Spectre V2 : mitigation: Enabling conditional Indirect Branch Prediction Barrier
2025-06-15T15:38:52.504529+00:00 DESKTOP-35JMDNB kernel: Speculative Store Bypass: Mitigation: Speculative Store Bypass disabled via prctl
2025-06-15T15:38:52.504530+00:00 DESKTOP-35JMDNB kernel: MMIO Stale Data: Mitigation: Clear CPU buffers
2025-06-15T15:38:52.504530+00:00 DESKTOP-35JMDNB kernel: SRBDS: Unknown: Dependent on hypervisor status
2025-06-15T15:38:52.504532+00:00 DESKTOP-35JMDNB kernel: GDS: Unknown: Dependent on hypervisor status
2025-06-15T15:38:52.504533+00:00 DESKTOP-35JMDNB kernel: x86/fpu: Supporting XSAVE feature 0x001: 'x87 floating point registers'
2025-06-15T15:38:52.504534+00:00 DESKTOP-35JMDNB kernel: x86/fpu: Supporting XSAVE feature 0x002: 'SSE registers'
2025-06-15T15:38:52.504534+00:00 DESKTOP-35JMDNB kernel: x86/fpu: Supporting XSAVE feature 0x004: 'AVX registers'
2025-06-15T15:38:52.504535+00:00 DESKTOP-35JMDNB kernel: x86/fpu: Supporting XSAVE feature 0x020: 'AVX-512 opmask'
2025-06-15T15:38:52.504535+00:00 DESKTOP-35JMDNB kernel: x86/fpu: Supporting XSAVE feature 0x040: 'AVX-512 Hi256'
2025-06-15T15:38:52.504538+00:00 DESKTOP-35JMDNB kernel: x86/fpu: Supporting XSAVE feature 0x080: 'AVX-512 ZMM_Hi256'
2025-06-15T15:38:52.504538+00:00 DESKTOP-35JMDNB kernel: x86/fpu: xstate_offset[2]:  576, xstate_sizes[2]:  256
2025-06-15T15:38:52.504539+00:00 DESKTOP-35JMDNB kernel: x86/fpu: xstate_offset[5]:  832, xstate_sizes[5]:   64
2025-06-15T15:38:52.504539+00:00 DESKTOP-35JMDNB kernel: x86/fpu: xstate_offset[6]:  896, xstate_sizes[6]:  512
2025-06-15T15:38:52.504540+00:00 DESKTOP-35JMDNB kernel: x86/fpu: xstate_offset[7]: 1408, xstate_sizes[7]: 1024
2025-06-15T15:38:52.504540+00:00 DESKTOP-35JMDNB kernel: x86/fpu: Enabled xstate features 0xe7, context size is 2432 bytes, using 'compacted' format.
2025-06-15T15:38:52.504542+00:00 DESKTOP-35JMDNB kernel: Freeing SMP alternatives memory: 44K
2025-06-15T15:38:52.504543+00:00 DESKTOP-35JMDNB kernel: pid_max: default: 32768 minimum: 301
2025-06-15T15:38:52.504544+00:00 DESKTOP-35JMDNB kernel: LSM: initializing lsm=capability,landlock,yama,safesetid,selinux,integrity
2025-06-15T15:38:52.504544+00:00 DESKTOP-35JMDNB kernel: landlock: Up and running.
2025-06-15T15:38:52.504545+00:00 DESKTOP-35JMDNB kernel: Yama: becoming mindful.
2025-06-15T15:38:52.504545+00:00 DESKTOP-35JMDNB kernel: SELinux:  Initializing.
2025-06-15T15:38:52.504546+00:00 DESKTOP-35JMDNB kernel: Mount-cache hash table entries: 8192 (order: 4, 65536 bytes, linear)
2025-06-15T15:38:52.504548+00:00 DESKTOP-35JMDNB kernel: Mountpoint-cache hash table entries: 8192 (order: 4, 65536 bytes, linear)
2025-06-15T15:38:52.504549+00:00 DESKTOP-35JMDNB kernel: smpboot: CPU0: Intel(R) Core(TM) i3-1005G1 CPU @ 1.20GHz (family: 0x6, model: 0x7e, stepping: 0x5)
2025-06-15T15:38:52.504549+00:00 DESKTOP-35JMDNB kernel: RCU Tasks: Setting shift to 2 and lim to 1 rcu_task_cb_adjust=1 rcu_task_cpu_ids=4.
2025-06-15T15:38:52.504550+00:00 DESKTOP-35JMDNB kernel: RCU Tasks Rude: Setting shift to 2 and lim to 1 rcu_task_cb_adjust=1 rcu_task_cpu_ids=4.
2025-06-15T15:38:52.504550+00:00 DESKTOP-35JMDNB kernel: RCU Tasks Trace: Setting shift to 2 and lim to 1 rcu_task_cb_adjust=1 rcu_task_cpu_ids=4.
2025-06-15T15:38:52.504551+00:00 DESKTOP-35JMDNB kernel: Performance Events:  AnyThread deprecated, Icelake events, 32-deep LBR, full-width counters, Intel PMU driver.
2025-06-15T15:38:52.504553+00:00 DESKTOP-35JMDNB kernel: ... version:                5
2025-06-15T15:38:52.504554+00:00 DESKTOP-35JMDNB kernel: ... bit width:              48
2025-06-15T15:38:52.504554+00:00 DESKTOP-35JMDNB kernel: ... generic registers:      8
2025-06-15T15:38:52.504555+00:00 DESKTOP-35JMDNB kernel: ... value mask:             0000ffffffffffff
2025-06-15T15:38:52.504555+00:00 DESKTOP-35JMDNB kernel: ... max period:             00007fffffffffff
2025-06-15T15:38:52.504556+00:00 DESKTOP-35JMDNB kernel: ... fixed-purpose events:   4
2025-06-15T15:38:52.504558+00:00 DESKTOP-35JMDNB kernel: ... event mask:             0001000f000000ff
2025-06-15T15:38:52.504558+00:00 DESKTOP-35JMDNB kernel: signal: max sigframe size: 3632
2025-06-15T15:38:52.504559+00:00 DESKTOP-35JMDNB kernel: rcu: Hierarchical SRCU implementation.
2025-06-15T15:38:52.504560+00:00 DESKTOP-35JMDNB kernel: rcu: 	Max phase no-delay instances is 1000.
2025-06-15T15:38:52.504560+00:00 DESKTOP-35JMDNB kernel: smp: Bringing up secondary CPUs ...
2025-06-15T15:38:52.504561+00:00 DESKTOP-35JMDNB kernel: smpboot: x86: Booting SMP configuration:
2025-06-15T15:38:52.504561+00:00 DESKTOP-35JMDNB kernel: .... node  #0, CPUs:      #2 #1 #3
2025-06-15T15:38:52.504566+00:00 DESKTOP-35JMDNB kernel: MMIO Stale Data CPU bug present and SMT on, data leak possible. See https://www.kernel.org/doc/html/latest/admin-guide/hw-vuln/processor_mmio_stale_data.html for more details.
2025-06-15T15:38:52.504567+00:00 DESKTOP-35JMDNB kernel: smp: Brought up 1 node, 4 CPUs
2025-06-15T15:38:52.504568+00:00 DESKTOP-35JMDNB kernel: smpboot: Max logical packages: 1
2025-06-15T15:38:52.504568+00:00 DESKTOP-35JMDNB kernel: smpboot: Total of 4 processors activated (9523.21 BogoMIPS)
2025-06-15T15:38:52.504569+00:00 DESKTOP-35JMDNB kernel: node 0 deferred pages initialised in 20ms
2025-06-15T15:38:52.504569+00:00 DESKTOP-35JMDNB kernel: devtmpfs: initialized
2025-06-15T15:38:52.504572+00:00 DESKTOP-35JMDNB kernel: x86/mm: Memory block size: 128MB
2025-06-15T15:38:52.504572+00:00 DESKTOP-35JMDNB kernel: clocksource: jiffies: mask: 0xffffffff max_cycles: 0xffffffff, max_idle_ns: 7645041785100000 ns
2025-06-15T15:38:52.504573+00:00 DESKTOP-35JMDNB kernel: futex hash table entries: 1024 (order: 4, 65536 bytes, linear)
2025-06-15T15:38:52.504573+00:00 DESKTOP-35JMDNB kernel: pinctrl core: initialized pinctrl subsystem
2025-06-15T15:38:52.504574+00:00 DESKTOP-35JMDNB kernel: NET: Registered PF_NETLINK/PF_ROUTE protocol family
2025-06-15T15:38:52.504574+00:00 DESKTOP-35JMDNB kernel: DMA: preallocated 512 KiB GFP_KERNEL pool for atomic allocations
2025-06-15T15:38:52.504583+00:00 DESKTOP-35JMDNB kernel: DMA: preallocated 512 KiB GFP_KERNEL|GFP_DMA32 pool for atomic allocations
2025-06-15T15:38:52.504584+00:00 DESKTOP-35JMDNB kernel: audit: initializing netlink subsys (disabled)
2025-06-15T15:38:52.504585+00:00 DESKTOP-35JMDNB kernel: audit: type=2000 audit(1750001930.028:1): state=initialized audit_enabled=0 res=1
2025-06-15T15:38:52.504585+00:00 DESKTOP-35JMDNB kernel: thermal_sys: Registered thermal governor 'step_wise'
2025-06-15T15:38:52.504586+00:00 DESKTOP-35JMDNB kernel: thermal_sys: Registered thermal governor 'user_space'
2025-06-15T15:38:52.504587+00:00 DESKTOP-35JMDNB kernel: cpuidle: using governor ladder
2025-06-15T15:38:52.504587+00:00 DESKTOP-35JMDNB kernel: cpuidle: using governor menu
2025-06-15T15:38:52.504591+00:00 DESKTOP-35JMDNB kernel: acpiphp: ACPI Hot Plug PCI Controller Driver version: 0.5
2025-06-15T15:38:52.504591+00:00 DESKTOP-35JMDNB kernel: dca service started, version 1.12.1
2025-06-15T15:38:52.504592+00:00 DESKTOP-35JMDNB kernel: PCI: Fatal: No config space access function found
2025-06-15T15:38:52.504593+00:00 DESKTOP-35JMDNB kernel: kprobes: kprobe jump-optimization is enabled. All kprobes are optimized if possible.
2025-06-15T15:38:52.504593+00:00 DESKTOP-35JMDNB kernel: HugeTLB: registered 1.00 GiB page size, pre-allocated 0 pages
2025-06-15T15:38:52.504650+00:00 DESKTOP-35JMDNB kernel: HugeTLB: 16380 KiB vmemmap can be freed for a 1.00 GiB page
2025-06-15T15:38:52.504655+00:00 DESKTOP-35JMDNB kernel: HugeTLB: registered 2.00 MiB page size, pre-allocated 0 pages
2025-06-15T15:38:52.504655+00:00 DESKTOP-35JMDNB kernel: HugeTLB: 28 KiB vmemmap can be freed for a 2.00 MiB page
2025-06-15T15:38:52.504656+00:00 DESKTOP-35JMDNB kernel: cryptd: max_cpu_qlen set to 1000
2025-06-15T15:38:52.504656+00:00 DESKTOP-35JMDNB kernel: ACPI: Added _OSI(Module Device)
2025-06-15T15:38:52.504656+00:00 DESKTOP-35JMDNB kernel: ACPI: Added _OSI(Processor Device)
2025-06-15T15:38:52.504657+00:00 DESKTOP-35JMDNB kernel: ACPI: Added _OSI(3.0 _SCP Extensions)
2025-06-15T15:38:52.504660+00:00 DESKTOP-35JMDNB kernel: ACPI: Added _OSI(Processor Aggregator Device)
2025-06-15T15:38:52.504660+00:00 DESKTOP-35JMDNB kernel: ACPI: 1 ACPI AML tables successfully acquired and loaded
2025-06-15T15:38:52.504661+00:00 DESKTOP-35JMDNB kernel: ACPI: _OSC evaluation for CPUs failed, trying _PDC
2025-06-15T15:38:52.504661+00:00 DESKTOP-35JMDNB kernel: ACPI: Interpreter enabled
2025-06-15T15:38:52.504662+00:00 DESKTOP-35JMDNB kernel: ACPI: PM: (supports S0 S5)
2025-06-15T15:38:52.504662+00:00 DESKTOP-35JMDNB kernel: ACPI: Using IOAPIC for interrupt routing
2025-06-15T15:38:52.504662+00:00 DESKTOP-35JMDNB kernel: PCI: Using host bridge windows from ACPI; if necessary, use "pci=nocrs" and report a bug
2025-06-15T15:38:52.504666+00:00 DESKTOP-35JMDNB kernel: PCI: Using E820 reservations for host bridge windows
2025-06-15T15:38:52.504666+00:00 DESKTOP-35JMDNB kernel: ACPI: Enabled 2 GPEs in block 00 to 0F
2025-06-15T15:38:52.504667+00:00 DESKTOP-35JMDNB kernel: iommu: Default domain type: Translated
2025-06-15T15:38:52.504667+00:00 DESKTOP-35JMDNB kernel: iommu: DMA domain TLB invalidation policy: lazy mode
2025-06-15T15:38:52.504668+00:00 DESKTOP-35JMDNB kernel: SCSI subsystem initialized
2025-06-15T15:38:52.504668+00:00 DESKTOP-35JMDNB kernel: libata version 3.00 loaded.
2025-06-15T15:38:52.504672+00:00 DESKTOP-35JMDNB kernel: pps_core: LinuxPPS API ver. 1 registered
2025-06-15T15:38:52.504672+00:00 DESKTOP-35JMDNB kernel: pps_core: Software ver. 5.3.6 - Copyright 2005-2007 Rodolfo Giometti <giometti@linux.it>
2025-06-15T15:38:52.504673+00:00 DESKTOP-35JMDNB kernel: PTP clock support registered
2025-06-15T15:38:52.504673+00:00 DESKTOP-35JMDNB kernel: EDAC MC: Ver: 3.0.0
2025-06-15T15:38:52.504674+00:00 DESKTOP-35JMDNB kernel: hv_vmbus: Vmbus version:5.3
2025-06-15T15:38:52.504674+00:00 DESKTOP-35JMDNB kernel: hv_vmbus: Unknown GUID: 6e382d18-3336-4f4b-acc4-2b7703d4df4a
2025-06-15T15:38:52.504675+00:00 DESKTOP-35JMDNB kernel: hv_vmbus: Unknown GUID: dde9cbc0-5060-4436-9448-ea1254a5d177
2025-06-15T15:38:52.504678+00:00 DESKTOP-35JMDNB kernel: NetLabel: Initializing
2025-06-15T15:38:52.504679+00:00 DESKTOP-35JMDNB kernel: NetLabel:  domain hash size = 128
2025-06-15T15:38:52.504679+00:00 DESKTOP-35JMDNB kernel: NetLabel:  protocols = UNLABELED CIPSOv4 CALIPSO
2025-06-15T15:38:52.504680+00:00 DESKTOP-35JMDNB kernel: NetLabel:  unlabeled traffic allowed by default
2025-06-15T15:38:52.504680+00:00 DESKTOP-35JMDNB kernel: PCI: Using ACPI for IRQ routing
2025-06-15T15:38:52.504681+00:00 DESKTOP-35JMDNB kernel: PCI: System does not support PCI
2025-06-15T15:38:52.504798+00:00 DESKTOP-35JMDNB kernel: vgaarb: loaded
2025-06-15T15:38:52.504805+00:00 DESKTOP-35JMDNB kernel: clocksource: Switched to clocksource tsc-early
2025-06-15T15:38:52.504805+00:00 DESKTOP-35JMDNB kernel: VFS: Disk quotas dquot_6.6.0
2025-06-15T15:38:52.504806+00:00 DESKTOP-35JMDNB kernel: VFS: Dquot-cache hash table entries: 512 (order 0, 4096 bytes)
2025-06-15T15:38:52.504806+00:00 DESKTOP-35JMDNB kernel: FS-Cache: Loaded
2025-06-15T15:38:52.504807+00:00 DESKTOP-35JMDNB kernel: pnp: PnP ACPI init
2025-06-15T15:38:52.504817+00:00 DESKTOP-35JMDNB kernel: pnp: PnP ACPI: found 1 devices
2025-06-15T15:38:52.504818+00:00 DESKTOP-35JMDNB kernel: clocksource: acpi_pm: mask: 0xffffff max_cycles: 0xffffff, max_idle_ns: 2085701024 ns
2025-06-15T15:38:52.504818+00:00 DESKTOP-35JMDNB kernel: NET: Registered PF_INET protocol family
2025-06-15T15:38:52.504819+00:00 DESKTOP-35JMDNB kernel: IP idents hash table entries: 65536 (order: 7, 524288 bytes, linear)
2025-06-15T15:38:52.504819+00:00 DESKTOP-35JMDNB kernel: tcp_listen_portaddr_hash hash table entries: 2048 (order: 3, 32768 bytes, linear)
2025-06-15T15:38:52.504820+00:00 DESKTOP-35JMDNB kernel: Table-perturb hash table entries: 65536 (order: 6, 262144 bytes, linear)
2025-06-15T15:38:52.504820+00:00 DESKTOP-35JMDNB kernel: TCP established hash table entries: 32768 (order: 6, 262144 bytes, linear)
2025-06-15T15:38:52.504824+00:00 DESKTOP-35JMDNB kernel: TCP bind hash table entries: 32768 (order: 8, 1048576 bytes, linear)
2025-06-15T15:38:52.504824+00:00 DESKTOP-35JMDNB kernel: TCP: Hash tables configured (established 32768 bind 32768)
2025-06-15T15:38:52.504825+00:00 DESKTOP-35JMDNB kernel: UDP hash table entries: 2048 (order: 4, 65536 bytes, linear)
2025-06-15T15:38:52.504825+00:00 DESKTOP-35JMDNB kernel: UDP-Lite hash table entries: 2048 (order: 4, 65536 bytes, linear)
2025-06-15T15:38:52.504826+00:00 DESKTOP-35JMDNB kernel: NET: Registered PF_UNIX/PF_LOCAL protocol family
2025-06-15T15:38:52.504826+00:00 DESKTOP-35JMDNB kernel: NET: Registered PF_XDP protocol family
2025-06-15T15:38:52.504830+00:00 DESKTOP-35JMDNB kernel: PCI: CLS 0 bytes, default 64
2025-06-15T15:38:52.504830+00:00 DESKTOP-35JMDNB kernel: PCI-DMA: Using software bounce buffering for IO (SWIOTLB)
2025-06-15T15:38:52.504831+00:00 DESKTOP-35JMDNB kernel: software IO TLB: mapped [mem 0x00000000ef600000-0x00000000f3600000] (64MB)
2025-06-15T15:38:52.504831+00:00 DESKTOP-35JMDNB kernel: Trying to unpack rootfs image as initramfs...
2025-06-15T15:38:52.504832+00:00 DESKTOP-35JMDNB kernel: Freeing initrd memory: 2664K
2025-06-15T15:38:52.504832+00:00 DESKTOP-35JMDNB kernel: RAPL PMU: API unit is 2^-32 Joules, 0 fixed counters, 10737418240 ms ovfl timer
2025-06-15T15:38:52.504833+00:00 DESKTOP-35JMDNB kernel: clocksource: tsc: mask: 0xffffffffffffffff max_cycles: 0x1128b0cf317, max_idle_ns: 440795227453 ns
2025-06-15T15:38:52.504837+00:00 DESKTOP-35JMDNB kernel: clocksource: Switched to clocksource tsc
2025-06-15T15:38:52.504838+00:00 DESKTOP-35JMDNB kernel: Initialise system trusted keyrings
2025-06-15T15:38:52.504838+00:00 DESKTOP-35JMDNB kernel: Key type blacklist registered
2025-06-15T15:38:52.504839+00:00 DESKTOP-35JMDNB kernel: workingset: timestamp_bits=36 max_order=20 bucket_order=0
2025-06-15T15:38:52.504839+00:00 DESKTOP-35JMDNB kernel: squashfs: version 4.0 (2009/01/31) Phillip Lougher
2025-06-15T15:38:52.504839+00:00 DESKTOP-35JMDNB kernel: fuse: init (API version 7.39)
2025-06-15T15:38:52.504842+00:00 DESKTOP-35JMDNB kernel: SGI XFS with ACLs, security attributes, realtime, verbose warnings, quota, no debug enabled
2025-06-15T15:38:52.504843+00:00 DESKTOP-35JMDNB kernel: 9p: Installing v9fs 9p2000 file system support
2025-06-15T15:38:52.504843+00:00 DESKTOP-35JMDNB kernel: Key type asymmetric registered
2025-06-15T15:38:52.504844+00:00 DESKTOP-35JMDNB kernel: Asymmetric key parser 'x509' registered
2025-06-15T15:38:52.504844+00:00 DESKTOP-35JMDNB kernel: Block layer SCSI generic (bsg) driver version 0.4 loaded (major 245)
2025-06-15T15:38:52.504845+00:00 DESKTOP-35JMDNB kernel: io scheduler mq-deadline registered
2025-06-15T15:38:52.504850+00:00 DESKTOP-35JMDNB kernel: io scheduler kyber registered
2025-06-15T15:38:52.504851+00:00 DESKTOP-35JMDNB kernel: hv_vmbus: registering driver hv_pci
2025-06-15T15:38:52.504851+00:00 DESKTOP-35JMDNB kernel: hv_pci c4b741f5-5582-4c98-8f8b-2e082933c396: PCI VMBus probing: Using version 0x10004
2025-06-15T15:38:52.504852+00:00 DESKTOP-35JMDNB kernel: hv_pci c4b741f5-5582-4c98-8f8b-2e082933c396: PCI host bridge to bus 5582:00
2025-06-15T15:38:52.504853+00:00 DESKTOP-35JMDNB kernel: pci_bus 5582:00: root bus resource [mem 0x9ffe00000-0x9ffe02fff window]
2025-06-15T15:38:52.504853+00:00 DESKTOP-35JMDNB kernel: pci_bus 5582:00: No busn resource found for root bus, will use [bus 00-ff]
2025-06-15T15:38:52.504853+00:00 DESKTOP-35JMDNB kernel: pci 5582:00:00.0: [1af4:1043] type 00 class 0x010000
2025-06-15T15:38:52.504857+00:00 DESKTOP-35JMDNB kernel: pci 5582:00:00.0: reg 0x10: [mem 0x9ffe00000-0x9ffe00fff 64bit]
2025-06-15T15:38:52.504858+00:00 DESKTOP-35JMDNB kernel: pci 5582:00:00.0: reg 0x18: [mem 0x9ffe01000-0x9ffe01fff 64bit]
2025-06-15T15:38:52.504858+00:00 DESKTOP-35JMDNB kernel: pci 5582:00:00.0: reg 0x20: [mem 0x9ffe02000-0x9ffe02fff 64bit]
2025-06-15T15:38:52.504859+00:00 DESKTOP-35JMDNB kernel: pci_bus 5582:00: busn_res: [bus 00-ff] end is updated to 00
2025-06-15T15:38:52.504859+00:00 DESKTOP-35JMDNB kernel: pci 5582:00:00.0: BAR 0: assigned [mem 0x9ffe00000-0x9ffe00fff 64bit]
2025-06-15T15:38:52.504860+00:00 DESKTOP-35JMDNB kernel: pci 5582:00:00.0: BAR 2: assigned [mem 0x9ffe01000-0x9ffe01fff 64bit]
2025-06-15T15:38:52.504863+00:00 DESKTOP-35JMDNB kernel: pci 5582:00:00.0: BAR 4: assigned [mem 0x9ffe02000-0x9ffe02fff 64bit]
2025-06-15T15:38:52.504864+00:00 DESKTOP-35JMDNB kernel: hv_pci a9f349c4-0c2e-4deb-8f74-7f4362d2008b: PCI VMBus probing: Using version 0x10004
2025-06-15T15:38:52.504865+00:00 DESKTOP-35JMDNB kernel: hv_pci a9f349c4-0c2e-4deb-8f74-7f4362d2008b: PCI host bridge to bus 0c2e:00
2025-06-15T15:38:52.504865+00:00 DESKTOP-35JMDNB kernel: pci_bus 0c2e:00: No busn resource found for root bus, will use [bus 00-ff]
2025-06-15T15:38:52.504865+00:00 DESKTOP-35JMDNB kernel: pci 0c2e:00:00.0: [1414:008e] type 00 class 0x030200
2025-06-15T15:38:52.504866+00:00 DESKTOP-35JMDNB kernel: pci_bus 0c2e:00: busn_res: [bus 00-ff] end is updated to 00
2025-06-15T15:38:52.504866+00:00 DESKTOP-35JMDNB kernel: ioatdma: Intel(R) QuickData Technology Driver 5.00
2025-06-15T15:38:52.504870+00:00 DESKTOP-35JMDNB kernel: virtio-pci 5582:00:00.0: enabling device (0000 -> 0002)
2025-06-15T15:38:52.504870+00:00 DESKTOP-35JMDNB kernel: Serial: 8250/16550 driver, 8 ports, IRQ sharing enabled
2025-06-15T15:38:52.504871+00:00 DESKTOP-35JMDNB kernel: Linux agpgart interface v0.103
2025-06-15T15:38:52.504871+00:00 DESKTOP-35JMDNB kernel: AMD-Vi: AMD IOMMUv2 functionality not available on this system - This is not a bug.
2025-06-15T15:38:52.504871+00:00 DESKTOP-35JMDNB kernel: ACPI: bus type drm_connector registered
2025-06-15T15:38:52.504872+00:00 DESKTOP-35JMDNB kernel: printk: console [hvc0] enabled
2025-06-15T15:38:52.504876+00:00 DESKTOP-35JMDNB kernel: brd: module loaded
2025-06-15T15:38:52.504876+00:00 DESKTOP-35JMDNB kernel: loop: module loaded
2025-06-15T15:38:52.504877+00:00 DESKTOP-35JMDNB kernel: Loading iSCSI transport class v2.0-870.
2025-06-15T15:38:52.504877+00:00 DESKTOP-35JMDNB kernel: rdac: device handler registered
2025-06-15T15:38:52.504877+00:00 DESKTOP-35JMDNB kernel: Microchip SmartPQI Driver (v2.1.24-046)
2025-06-15T15:38:52.504878+00:00 DESKTOP-35JMDNB kernel: VMware PVSCSI driver - version 1.0.7.0-k
2025-06-15T15:38:52.504881+00:00 DESKTOP-35JMDNB kernel: hv_vmbus: registering driver hv_storvsc
2025-06-15T15:38:52.504882+00:00 DESKTOP-35JMDNB kernel: PPP generic driver version 2.4.2
2025-06-15T15:38:52.504883+00:00 DESKTOP-35JMDNB kernel: VMware vmxnet3 virtual NIC driver - version 1.7.0.0-k-NAPI
2025-06-15T15:38:52.504883+00:00 DESKTOP-35JMDNB kernel: scsi host0: storvsc_host_t
2025-06-15T15:38:52.504884+00:00 DESKTOP-35JMDNB kernel: hv_vmbus: registering driver hv_netvsc
2025-06-15T15:38:52.504884+00:00 DESKTOP-35JMDNB kernel: Fusion MPT base driver 3.04.20
2025-06-15T15:38:52.504885+00:00 DESKTOP-35JMDNB kernel: Copyright (c) 1999-2008 LSI Corporation
2025-06-15T15:38:52.504888+00:00 DESKTOP-35JMDNB kernel: Fusion MPT SPI Host driver 3.04.20
2025-06-15T15:38:52.504889+00:00 DESKTOP-35JMDNB kernel: Fusion MPT SAS Host driver 3.04.20
2025-06-15T15:38:52.504889+00:00 DESKTOP-35JMDNB kernel: Fusion MPT misc device (ioctl) driver 3.04.20
2025-06-15T15:38:52.504890+00:00 DESKTOP-35JMDNB kernel: mptctl: Registered with Fusion MPT base driver
2025-06-15T15:38:52.504890+00:00 DESKTOP-35JMDNB kernel: mptctl: /dev/mptctl @ (major,minor=10,220)
2025-06-15T15:38:52.504891+00:00 DESKTOP-35JMDNB kernel: i8042: PNP: No PS/2 controller found.
2025-06-15T15:38:52.504894+00:00 DESKTOP-35JMDNB kernel: hv_vmbus: registering driver hyperv_keyboard
2025-06-15T15:38:52.504895+00:00 DESKTOP-35JMDNB kernel: rtc_cmos 00:00: RTC can wake from S4
2025-06-15T15:38:52.504895+00:00 DESKTOP-35JMDNB kernel: rtc_cmos 00:00: registered as rtc0
2025-06-15T15:38:52.504896+00:00 DESKTOP-35JMDNB kernel: rtc_cmos 00:00: setting system clock to 2025-06-15T15:38:50 UTC (1750001930)
2025-06-15T15:38:52.504960+00:00 DESKTOP-35JMDNB kernel: rtc_cmos 00:00: alarms up to one month, 114 bytes nvram
2025-06-15T15:38:52.504962+00:00 DESKTOP-35JMDNB kernel: device-mapper: core: CONFIG_IMA_DISABLE_HTABLE is disabled. Duplicate IMA measurements will not be recorded in the IMA log.
2025-06-15T15:38:52.504970+00:00 DESKTOP-35JMDNB kernel: device-mapper: uevent: version 1.0.3
2025-06-15T15:38:52.504970+00:00 DESKTOP-35JMDNB kernel: device-mapper: ioctl: 4.48.0-ioctl (2023-03-01) initialised: dm-devel@redhat.com
2025-06-15T15:38:52.504971+00:00 DESKTOP-35JMDNB kernel: intel_pstate: CPU model not supported
2025-06-15T15:38:52.504971+00:00 DESKTOP-35JMDNB kernel: hv_utils: Registering HyperV Utility Driver
2025-06-15T15:38:52.504972+00:00 DESKTOP-35JMDNB kernel: hv_vmbus: registering driver hv_utils
2025-06-15T15:38:52.504972+00:00 DESKTOP-35JMDNB kernel: hv_vmbus: registering driver hv_balloon
2025-06-15T15:38:52.504973+00:00 DESKTOP-35JMDNB kernel: hv_vmbus: registering driver dxgkrnl
2025-06-15T15:38:52.504977+00:00 DESKTOP-35JMDNB kernel: hv_utils: TimeSync IC version 4.0
2025-06-15T15:38:52.504978+00:00 DESKTOP-35JMDNB kernel: hv_balloon: Using Dynamic Memory protocol version 2.0
2025-06-15T15:38:52.504978+00:00 DESKTOP-35JMDNB kernel: drop_monitor: Initializing network drop monitor service
2025-06-15T15:38:52.504979+00:00 DESKTOP-35JMDNB kernel: Free page reporting enabled
2025-06-15T15:38:52.504979+00:00 DESKTOP-35JMDNB kernel: hv_balloon: Cold memory discard hint enabled with order 9
2025-06-15T15:38:52.504980+00:00 DESKTOP-35JMDNB kernel: NET: Registered PF_INET6 protocol family
2025-06-15T15:38:52.505046+00:00 DESKTOP-35JMDNB kernel: Segment Routing with IPv6
2025-06-15T15:38:52.505049+00:00 DESKTOP-35JMDNB kernel: In-situ OAM (IOAM) with IPv6
2025-06-15T15:38:52.505050+00:00 DESKTOP-35JMDNB kernel: NET: Registered PF_PACKET protocol family
2025-06-15T15:38:52.505051+00:00 DESKTOP-35JMDNB kernel: 9pnet: Installing 9P2000 support
2025-06-15T15:38:52.505052+00:00 DESKTOP-35JMDNB kernel: NET: Registered PF_VSOCK protocol family
2025-06-15T15:38:52.505052+00:00 DESKTOP-35JMDNB kernel: hv_vmbus: registering driver hv_sock
2025-06-15T15:38:52.505053+00:00 DESKTOP-35JMDNB kernel: IPI shorthand broadcast: enabled
2025-06-15T15:38:52.505060+00:00 DESKTOP-35JMDNB kernel: AVX2 version of gcm_enc/dec engaged.
2025-06-15T15:38:52.505061+00:00 DESKTOP-35JMDNB kernel: AES CTR mode by8 optimization enabled
2025-06-15T15:38:52.505061+00:00 DESKTOP-35JMDNB kernel: sched_clock: Marking stable (292006428, 5390153)->(323279851, -25883270)
2025-06-15T15:38:52.505062+00:00 DESKTOP-35JMDNB kernel: registered taskstats version 1
2025-06-15T15:38:52.505063+00:00 DESKTOP-35JMDNB kernel: Loading compiled-in X.509 certificates
2025-06-15T15:38:52.505063+00:00 DESKTOP-35JMDNB kernel: ima: No TPM chip found, activating TPM-bypass!
2025-06-15T15:38:52.505067+00:00 DESKTOP-35JMDNB kernel: ima: Allocated hash algorithm: sha256
2025-06-15T15:38:52.505067+00:00 DESKTOP-35JMDNB kernel: ima: No architecture policies found
2025-06-15T15:38:52.505068+00:00 DESKTOP-35JMDNB kernel: RAS: Correctable Errors collector initialized.
2025-06-15T15:38:52.505068+00:00 DESKTOP-35JMDNB kernel: clk: Disabling unused clocks
2025-06-15T15:38:52.505069+00:00 DESKTOP-35JMDNB kernel: Freeing unused decrypted memory: 2028K
2025-06-15T15:38:52.505070+00:00 DESKTOP-35JMDNB kernel: Freeing unused kernel image (initmem) memory: 4484K
2025-06-15T15:38:52.505074+00:00 DESKTOP-35JMDNB kernel: Write protecting the kernel read-only data: 34816k
2025-06-15T15:38:52.505074+00:00 DESKTOP-35JMDNB kernel: Freeing unused kernel image (rodata/data gap) memory: 868K
2025-06-15T15:38:52.505075+00:00 DESKTOP-35JMDNB kernel: Run /init as init process
2025-06-15T15:38:52.505075+00:00 DESKTOP-35JMDNB kernel:   with arguments:
2025-06-15T15:38:52.505076+00:00 DESKTOP-35JMDNB kernel:     /init
2025-06-15T15:38:52.505077+00:00 DESKTOP-35JMDNB kernel:   with environment:
2025-06-15T15:38:52.505077+00:00 DESKTOP-35JMDNB kernel:     HOME=/
2025-06-15T15:38:52.505081+00:00 DESKTOP-35JMDNB kernel:     TERM=linux
2025-06-15T15:38:52.505082+00:00 DESKTOP-35JMDNB kernel:     WSL_ROOT_INIT=1
2025-06-15T15:38:52.505082+00:00 DESKTOP-35JMDNB kernel:     WSL_ENABLE_CRASH_DUMP=1
2025-06-15T15:38:52.505083+00:00 DESKTOP-35JMDNB kernel: scsi 0:0:0:0: Direct-Access     Msft     Virtual Disk     1.0  PQ: 0 ANSI: 5
2025-06-15T15:38:52.505083+00:00 DESKTOP-35JMDNB kernel: scsi 0:0:0:1: Direct-Access     Msft     Virtual Disk     1.0  PQ: 0 ANSI: 5
2025-06-15T15:38:52.505089+00:00 DESKTOP-35JMDNB kernel: sd 0:0:0:0: Attached scsi generic sg0 type 0
2025-06-15T15:38:52.505093+00:00 DESKTOP-35JMDNB kernel: sd 0:0:0:0: [sda] 795536 512-byte logical blocks: (407 MB/388 MiB)
2025-06-15T15:38:52.505094+00:00 DESKTOP-35JMDNB kernel: scsi 0:0:0:1: Attached scsi generic sg1 type 0
2025-06-15T15:38:52.505094+00:00 DESKTOP-35JMDNB kernel: sd 0:0:0:0: [sda] Write Protect is on
2025-06-15T15:38:52.505095+00:00 DESKTOP-35JMDNB kernel: sd 0:0:0:1: [sdb] 381000 512-byte logical blocks: (195 MB/186 MiB)
2025-06-15T15:38:52.505095+00:00 DESKTOP-35JMDNB kernel: sd 0:0:0:0: [sda] Mode Sense: 0f 00 80 00
2025-06-15T15:38:52.505096+00:00 DESKTOP-35JMDNB kernel: sd 0:0:0:1: [sdb] Write Protect is on
2025-06-15T15:38:52.505096+00:00 DESKTOP-35JMDNB kernel: sd 0:0:0:0: [sda] Write cache: disabled, read cache: enabled, doesn't support DPO or FUA
2025-06-15T15:38:52.505100+00:00 DESKTOP-35JMDNB kernel: sd 0:0:0:1: [sdb] Mode Sense: 0f 00 80 00
2025-06-15T15:38:52.505101+00:00 DESKTOP-35JMDNB kernel: sd 0:0:0:1: [sdb] Write cache: disabled, read cache: enabled, doesn't support DPO or FUA
2025-06-15T15:38:52.505101+00:00 DESKTOP-35JMDNB kernel: sd 0:0:0:0: [sda] Attached SCSI disk
2025-06-15T15:38:52.505102+00:00 DESKTOP-35JMDNB kernel: sd 0:0:0:1: [sdb] Attached SCSI disk
2025-06-15T15:38:52.505102+00:00 DESKTOP-35JMDNB kernel: scsi 0:0:0:2: Direct-Access     Msft     Virtual Disk     1.0  PQ: 0 ANSI: 5
2025-06-15T15:38:52.505102+00:00 DESKTOP-35JMDNB kernel: sd 0:0:0:2: Attached scsi generic sg2 type 0
2025-06-15T15:38:52.505106+00:00 DESKTOP-35JMDNB kernel: sd 0:0:0:2: [sdc] 2097160 512-byte logical blocks: (1.07 GB/1.00 GiB)
2025-06-15T15:38:52.505107+00:00 DESKTOP-35JMDNB kernel: sd 0:0:0:2: [sdc] 4096-byte physical blocks
2025-06-15T15:38:52.505107+00:00 DESKTOP-35JMDNB kernel: sd 0:0:0:2: [sdc] Write Protect is off
2025-06-15T15:38:52.505108+00:00 DESKTOP-35JMDNB kernel: sd 0:0:0:2: [sdc] Mode Sense: 0f 00 00 00
2025-06-15T15:38:52.505108+00:00 DESKTOP-35JMDNB kernel: sd 0:0:0:2: [sdc] Write cache: enabled, read cache: enabled, doesn't support DPO or FUA
2025-06-15T15:38:52.505109+00:00 DESKTOP-35JMDNB kernel: sd 0:0:0:2: [sdc] Attached SCSI disk
2025-06-15T15:38:52.505113+00:00 DESKTOP-35JMDNB kernel: EXT4-fs (sda): mounted filesystem 00000000-0000-0000-0000-000000000000 ro without journal. Quota mode: none.
2025-06-15T15:38:52.505114+00:00 DESKTOP-35JMDNB kernel: EXT4-fs (sdb): mounted filesystem 00000000-0000-0000-0000-000000000000 ro without journal. Quota mode: none.
2025-06-15T15:38:52.505115+00:00 DESKTOP-35JMDNB kernel: tun: Universal TUN/TAP device driver, 1.6
2025-06-15T15:38:52.505115+00:00 DESKTOP-35JMDNB kernel: Adding 1048576k swap on /dev/sdc.  Priority:-2 extents:1 across:1048576k 
2025-06-15T15:38:52.505116+00:00 DESKTOP-35JMDNB kernel: bridge: filtering via arp/ip/ip6tables is no longer available by default. Update your scripts to load br_netfilter if you need this.
2025-06-15T15:38:52.505117+00:00 DESKTOP-35JMDNB kernel: Bridge firewalling registered
2025-06-15T15:38:52.505120+00:00 DESKTOP-35JMDNB kernel: hv_pci 4835fe2b-693a-4757-85f8-5039bacfd201: PCI VMBus probing: Using version 0x10004
2025-06-15T15:38:52.505121+00:00 DESKTOP-35JMDNB kernel: hv_pci 4835fe2b-693a-4757-85f8-5039bacfd201: PCI host bridge to bus 693a:00
2025-06-15T15:38:52.505122+00:00 DESKTOP-35JMDNB kernel: pci_bus 693a:00: root bus resource [mem 0xc00000000-0xe00001fff window]
2025-06-15T15:38:52.505122+00:00 DESKTOP-35JMDNB kernel: pci_bus 693a:00: No busn resource found for root bus, will use [bus 00-ff]
2025-06-15T15:38:52.505122+00:00 DESKTOP-35JMDNB kernel: pci 693a:00:00.0: [1af4:105a] type 00 class 0x088000
2025-06-15T15:38:52.505123+00:00 DESKTOP-35JMDNB kernel: pci 693a:00:00.0: reg 0x10: [mem 0xe00000000-0xe00000fff 64bit]
2025-06-15T15:38:52.505123+00:00 DESKTOP-35JMDNB kernel: pci 693a:00:00.0: reg 0x18: [mem 0xe00001000-0xe00001fff 64bit]
2025-06-15T15:38:52.505126+00:00 DESKTOP-35JMDNB kernel: pci 693a:00:00.0: reg 0x20: [mem 0xc00000000-0xdffffffff 64bit]
2025-06-15T15:38:52.505127+00:00 DESKTOP-35JMDNB kernel: pci_bus 693a:00: busn_res: [bus 00-ff] end is updated to 00
2025-06-15T15:38:52.505127+00:00 DESKTOP-35JMDNB kernel: pci 693a:00:00.0: BAR 4: assigned [mem 0xc00000000-0xdffffffff 64bit]
2025-06-15T15:38:52.505128+00:00 DESKTOP-35JMDNB kernel: pci 693a:00:00.0: BAR 0: assigned [mem 0xe00000000-0xe00000fff 64bit]
2025-06-15T15:38:52.505129+00:00 DESKTOP-35JMDNB kernel: pci 693a:00:00.0: BAR 2: assigned [mem 0xe00001000-0xe00001fff 64bit]
2025-06-15T15:38:52.505129+00:00 DESKTOP-35JMDNB kernel: virtio-pci 693a:00:00.0: enabling device (0000 -> 0002)
2025-06-15T15:38:52.505133+00:00 DESKTOP-35JMDNB kernel: virtiofs virtio1: Cache len: 0x200000000 @ 0xc00000000
2025-06-15T15:38:52.505134+00:00 DESKTOP-35JMDNB kernel: scsi 0:0:0:3: Direct-Access     Msft     Virtual Disk     1.0  PQ: 0 ANSI: 5
2025-06-15T15:38:52.505134+00:00 DESKTOP-35JMDNB kernel: sd 0:0:0:3: Attached scsi generic sg3 type 0
2025-06-15T15:38:52.505135+00:00 DESKTOP-35JMDNB kernel: sd 0:0:0:3: [sdd] 2147483648 512-byte logical blocks: (1.10 TB/1.00 TiB)
2025-06-15T15:38:52.505135+00:00 DESKTOP-35JMDNB kernel: sd 0:0:0:3: [sdd] 4096-byte physical blocks
2025-06-15T15:38:52.505136+00:00 DESKTOP-35JMDNB kernel: sd 0:0:0:3: [sdd] Write Protect is off
2025-06-15T15:38:52.505139+00:00 DESKTOP-35JMDNB kernel: sd 0:0:0:3: [sdd] Mode Sense: 0f 00 00 00
2025-06-15T15:38:52.505140+00:00 DESKTOP-35JMDNB kernel: sd 0:0:0:3: [sdd] Write cache: enabled, read cache: enabled, doesn't support DPO or FUA
2025-06-15T15:38:52.505140+00:00 DESKTOP-35JMDNB kernel: sd 0:0:0:3: [sdd] Attached SCSI disk
2025-06-15T15:38:52.505141+00:00 DESKTOP-35JMDNB kernel: EXT4-fs (sdd): mounted filesystem ad99bfdf-019c-40af-8929-afc48dcbc09a r/w with ordered data mode. Quota mode: none.
2025-06-15T15:38:52.505142+00:00 DESKTOP-35JMDNB kernel: pulseaudio[218]: memfd_create() called without MFD_EXEC or MFD_NOEXEC_SEAL set
2025-06-15T15:38:52.505146+00:00 DESKTOP-35JMDNB kernel: misc dxg: dxgk: dxgkio_is_feature_enabled: Ioctl failed: -22
2025-06-15T15:38:52.505147+00:00 DESKTOP-35JMDNB kernel: misc dxg: dxgk: dxgkio_query_adapter_info: Ioctl failed: -22
2025-06-15T15:38:52.505151+00:00 DESKTOP-35JMDNB kernel: message repeated 2 times: [ misc dxg: dxgk: dxgkio_query_adapter_info: Ioctl failed: -22]
2025-06-15T15:38:52.505152+00:00 DESKTOP-35JMDNB kernel: misc dxg: dxgk: dxgkio_query_adapter_info: Ioctl failed: -2
2025-06-15T15:38:52.505164+00:00 DESKTOP-35JMDNB kernel: ACPI: AC: AC Adapter [AC1] (on-line)
2025-06-15T15:38:52.505165+00:00 DESKTOP-35JMDNB kernel: ACPI: battery: Slot [BAT1] (battery present)
2025-06-15T15:38:52.505165+00:00 DESKTOP-35JMDNB kernel: kvm_intel: Using Hyper-V Enlightened VMCS
2025-06-15T15:39:37.515144+00:00 DESKTOP-35JMDNB kernel: hv_balloon: Max. dynamic memory size: 3966 MB
2025-06-15T15:48:50.112868+00:00 DESKTOP-35JMDNB kernel: mini_init (176): drop_caches: 1
2025-06-15T16:17:50.439123+00:00 DESKTOP-35JMDNB kernel: TCP: eth0: Driver has suspect GRO implementation, TCP performance may be compromised.
2025-06-15T16:23:10.425112+00:00 DESKTOP-35JMDNB kernel: hv_utils: TimeSync IC version 4.0
2025-06-15T20:49:27.710659+00:00 DESKTOP-35JMDNB kernel: Linux version 6.6.87.1-microsoft-standard-WSL2 (root@af282157c79e) (gcc (GCC) 11.2.0, GNU ld (GNU Binutils) 2.37) #1 SMP PREEMPT_DYNAMIC Mon Apr 21 17:08:54 UTC 2025
2025-06-15T20:49:27.713155+00:00 DESKTOP-35JMDNB kernel: Command line: initrd=\initrd.img WSL_ROOT_INIT=1 panic=-1 nr_cpus=4 hv_utils.timesync_implicit=1 console=hvc0 debug pty.legacy_count=0 WSL_ENABLE_CRASH_DUMP=1
2025-06-15T20:49:27.713158+00:00 DESKTOP-35JMDNB kernel: KERNEL supported cpus:
2025-06-15T20:49:27.713158+00:00 DESKTOP-35JMDNB kernel:   Intel GenuineIntel
2025-06-15T20:49:27.713159+00:00 DESKTOP-35JMDNB kernel:   AMD AuthenticAMD
2025-06-15T20:49:27.713159+00:00 DESKTOP-35JMDNB kernel: BIOS-provided physical RAM map:
2025-06-15T20:49:27.713160+00:00 DESKTOP-35JMDNB kernel: BIOS-e820: [mem 0x0000000000000000-0x000000000009ffff] usable
2025-06-15T20:49:27.713164+00:00 DESKTOP-35JMDNB kernel: BIOS-e820: [mem 0x00000000000e0000-0x00000000000e0fff] reserved
2025-06-15T20:49:27.713165+00:00 DESKTOP-35JMDNB kernel: BIOS-e820: [mem 0x0000000000100000-0x00000000001fffff] ACPI data
2025-06-15T20:49:27.713166+00:00 DESKTOP-35JMDNB kernel: BIOS-e820: [mem 0x0000000000200000-0x00000000f7dfffff] usable
2025-06-15T20:49:27.713166+00:00 DESKTOP-35JMDNB kernel: NX (Execute Disable) protection: active
2025-06-15T20:49:27.713167+00:00 DESKTOP-35JMDNB kernel: APIC: Static calls initialized
2025-06-15T20:49:27.713167+00:00 DESKTOP-35JMDNB kernel: DMI not present or invalid.
